

================================================================
== Vitis HLS Report for 'atan2_cordic_double_s'
================================================================
* Date:           Wed Dec 14 18:16:43 2022

* Version:        2020.2 (Build 3064766 on Wed Nov 18 09:12:47 MST 2020)
* Project:        inversekinematics
* Solution:       solution1 (Vivado IP Flow Target)
* Product family: zynquplus
* Target device:  xczu3eg-sbva484-1-i


================================================================
== Performance Estimates
================================================================
+ Timing: 
    * Summary: 
    +--------+----------+----------+------------+
    |  Clock |  Target  | Estimated| Uncertainty|
    +--------+----------+----------+------------+
    |ap_clk  |  10.00 ns|  7.300 ns|     2.70 ns|
    +--------+----------+----------+------------+

+ Latency: 
    * Summary: 
    +---------+---------+-----------+----------+-----+-----+---------+
    |  Latency (cycles) |  Latency (absolute)  |  Interval | Pipeline|
    |   min   |   max   |    min    |    max   | min | max |   Type  |
    +---------+---------+-----------+----------+-----+-----+---------+
    |        1|      109|  10.000 ns|  1.090 us|    1|  109|     none|
    +---------+---------+-----------+----------+-----+-----+---------+

    + Detail: 
        * Instance: 
        +-----------------------------------+------------------------+---------+---------+-----------+----------+-----+-----+---------+
        |                                   |                        |  Latency (cycles) |  Latency (absolute)  |  Interval | Pipeline|
        |              Instance             |         Module         |   min   |   max   |    min    |    max   | min | max |   Type  |
        +-----------------------------------+------------------------+---------+---------+-----------+----------+-----+-----+---------+
        |grp_atan2_generic_double_s_fu_163  |atan2_generic_double_s  |        1|       94|  10.000 ns|  0.940 us|    1|   94|     none|
        +-----------------------------------+------------------------+---------+---------+-----------+----------+-----+-----+---------+

        * Loop: 
        N/A



================================================================
== Utilization Estimates
================================================================
* Summary: 
+-----------------+---------+-----+--------+-------+-----+
|       Name      | BRAM_18K| DSP |   FF   |  LUT  | URAM|
+-----------------+---------+-----+--------+-------+-----+
|DSP              |        -|    -|       -|      -|    -|
|Expression       |        -|    -|       0|    355|    -|
|FIFO             |        -|    -|       -|      -|    -|
|Instance         |        4|    -|     713|   4443|    -|
|Memory           |        -|    -|       -|      -|    -|
|Multiplexer      |        -|    -|       -|    320|    -|
|Register         |        -|    -|     551|      -|    -|
+-----------------+---------+-----+--------+-------+-----+
|Total            |        4|    0|    1264|   5118|    0|
+-----------------+---------+-----+--------+-------+-----+
|Available        |      432|  360|  141120|  70560|    0|
+-----------------+---------+-----+--------+-------+-----+
|Utilization (%)  |       ~0|    0|      ~0|      7|    0|
+-----------------+---------+-----+--------+-------+-----+

+ Detail: 
    * Instance: 
    +-----------------------------------+-----------------------------+---------+----+-----+------+-----+
    |              Instance             |            Module           | BRAM_18K| DSP|  FF |  LUT | URAM|
    +-----------------------------------+-----------------------------+---------+----+-----+------+-----+
    |grp_atan2_generic_double_s_fu_163  |atan2_generic_double_s       |        4|   0|  713|  4443|    0|
    |dcmp_64ns_64ns_1_2_no_dsp_1_U51    |dcmp_64ns_64ns_1_2_no_dsp_1  |        0|   0|    0|     0|    0|
    +-----------------------------------+-----------------------------+---------+----+-----+------+-----+
    |Total                              |                             |        4|   0|  713|  4443|    0|
    +-----------------------------------+-----------------------------+---------+----+-----+------+-----+

    * DSP: 
    N/A

    * Memory: 
    N/A

    * FIFO: 
    N/A

    * Expression: 
    +------------------------+----------+----+---+----+------------+------------+
    |      Variable Name     | Operation| DSP| FF| LUT| Bitwidth P0| Bitwidth P1|
    +------------------------+----------+----+---+----+------------+------------+
    |and_ln18_1_fu_282_p2    |       and|   0|  0|   2|           1|           1|
    |and_ln18_2_fu_320_p2    |       and|   0|  0|   2|           1|           1|
    |and_ln18_3_fu_326_p2    |       and|   0|  0|   2|           1|           1|
    |and_ln18_fu_258_p2      |       and|   0|  0|   2|           1|           1|
    |and_ln746_1_fu_406_p2   |       and|   0|  0|   2|           1|           1|
    |and_ln746_fu_400_p2     |       and|   0|  0|   2|           1|           1|
    |and_ln762_fu_294_p2     |       and|   0|  0|   2|           1|           1|
    |and_ln766_fu_306_p2     |       and|   0|  0|   2|           1|           1|
    |ap_condition_647        |       and|   0|  0|   2|           1|           1|
    |icmp_ln746_1_fu_386_p2  |      icmp|   0|  0|  11|          11|           2|
    |icmp_ln746_fu_380_p2    |      icmp|   0|  0|  11|          11|           2|
    |icmp_ln824_2_fu_264_p2  |      icmp|   0|  0|  11|          11|           2|
    |icmp_ln824_3_fu_288_p2  |      icmp|   0|  0|  11|          11|           1|
    |icmp_ln824_4_fu_300_p2  |      icmp|   0|  0|  11|          11|           1|
    |icmp_ln824_5_fu_374_p2  |      icmp|   0|  0|  29|          64|          64|
    |icmp_ln824_fu_240_p2    |      icmp|   0|  0|  11|          11|           2|
    |icmp_ln828_1_fu_270_p2  |      icmp|   0|  0|  24|          52|           1|
    |icmp_ln828_fu_246_p2    |      icmp|   0|  0|  24|          52|           1|
    |or_ln746_1_fu_396_p2    |        or|   0|  0|   2|           1|           1|
    |or_ln746_fu_392_p2      |        or|   0|  0|   2|           1|           1|
    |select_ln809_fu_440_p3  |    select|   0|  0|  56|           1|          64|
    |xor_ln822_fu_416_p2     |       xor|   0|  0|  65|          64|          65|
    |xor_ln826_fu_429_p2     |       xor|   0|  0|  65|          64|          65|
    |xor_ln828_1_fu_276_p2   |       xor|   0|  0|   2|           1|           2|
    |xor_ln828_fu_252_p2     |       xor|   0|  0|   2|           1|           2|
    +------------------------+----------+----+---+----+------------+------------+
    |Total                   |          |   0|  0| 355|         376|         285|
    +------------------------+----------+----+---+----+------------+------------+

    * Multiplexer: 
    +-----------------------------------------+-----+-----------+-----+-----------+
    |                   Name                  | LUT | Input Size| Bits| Total Bits|
    +-----------------------------------------+-----+-----------+-----+-----------+
    |UnifiedRetVal_reg_96                     |  100|         20|   64|       1280|
    |ap_NS_fsm                                |  127|         26|    1|         26|
    |ap_phi_mux_UnifiedRetVal_phi_fu_108_p42  |   14|          3|   64|        192|
    |ap_return                                |    9|          2|   64|        128|
    |c_reg_82                                 |   14|          3|   64|        192|
    |grp_atan2_generic_double_s_fu_163_x_in   |   14|          3|   64|        192|
    |grp_atan2_generic_double_s_fu_163_y_in   |   14|          3|   64|        192|
    |grp_fu_171_p0                            |   14|          3|   64|        192|
    |grp_fu_171_p1                            |   14|          3|   64|        192|
    +-----------------------------------------+-----+-----------+-----+-----------+
    |Total                                    |  320|         66|  513|       2586|
    +-----------------------------------------+-----+-----------+-----+-----------+

    * Register: 
    +------------------------------------------------+----+----+-----+-----------+
    |                      Name                      | FF | LUT| Bits| Const Bits|
    +------------------------------------------------+----+----+-----+-----------+
    |UnifiedRetVal_reg_96                            |  64|   0|   64|          0|
    |a_reg_573                                       |  63|   0|   64|          1|
    |and_ln18_1_reg_541                              |   1|   0|    1|          0|
    |and_ln18_2_reg_565                              |   1|   0|    1|          0|
    |and_ln18_3_reg_569                              |   1|   0|    1|          0|
    |and_ln18_reg_532                                |   1|   0|    1|          0|
    |and_ln762_reg_549                               |   1|   0|    1|          0|
    |and_ln766_reg_557                               |   1|   0|    1|          0|
    |ap_CS_fsm                                       |  25|   0|   25|          0|
    |ap_return_preg                                  |  64|   0|   64|          0|
    |b_reg_580                                       |  63|   0|   64|          1|
    |c_reg_82                                        |  64|   0|   64|          0|
    |d_reg_608                                       |  64|   0|   64|          0|
    |grp_atan2_generic_double_s_fu_163_ap_start_reg  |   1|   0|    1|          0|
    |icmp_ln746_1_reg_595                            |   1|   0|    1|          0|
    |icmp_ln746_reg_590                              |   1|   0|    1|          0|
    |icmp_ln824_3_reg_545                            |   1|   0|    1|          0|
    |icmp_ln824_4_reg_553                            |   1|   0|    1|          0|
    |icmp_ln828_1_reg_536                            |   1|   0|    1|          0|
    |icmp_ln828_reg_527                              |   1|   0|    1|          0|
    |p_Result_32_reg_516                             |   1|   0|    1|          0|
    |reg_182                                         |  64|   0|   64|          0|
    |sub_i_reg_603                                   |  64|   0|   64|          0|
    |tmp_s_reg_561                                   |   2|   0|    2|          0|
    +------------------------------------------------+----+----+-----+-----------+
    |Total                                           | 551|   0|  553|          2|
    +------------------------------------------------+----+----+-----+-----------+



================================================================
== Interface
================================================================
* Summary: 
+---------------------+-----+-----+------------+----------------------+--------------+
|      RTL Ports      | Dir | Bits|  Protocol  |     Source Object    |    C Type    |
+---------------------+-----+-----+------------+----------------------+--------------+
|ap_clk               |   in|    1|  ap_ctrl_hs|  atan2_cordic<double>|  return value|
|ap_rst               |   in|    1|  ap_ctrl_hs|  atan2_cordic<double>|  return value|
|ap_start             |   in|    1|  ap_ctrl_hs|  atan2_cordic<double>|  return value|
|ap_done              |  out|    1|  ap_ctrl_hs|  atan2_cordic<double>|  return value|
|ap_idle              |  out|    1|  ap_ctrl_hs|  atan2_cordic<double>|  return value|
|ap_ready             |  out|    1|  ap_ctrl_hs|  atan2_cordic<double>|  return value|
|ap_return            |  out|   64|  ap_ctrl_hs|  atan2_cordic<double>|  return value|
|grp_fu_272_p_din0    |  out|   64|  ap_ctrl_hs|  atan2_cordic<double>|  return value|
|grp_fu_272_p_din1    |  out|   64|  ap_ctrl_hs|  atan2_cordic<double>|  return value|
|grp_fu_272_p_opcode  |  out|    2|  ap_ctrl_hs|  atan2_cordic<double>|  return value|
|grp_fu_272_p_dout0   |   in|   64|  ap_ctrl_hs|  atan2_cordic<double>|  return value|
|grp_fu_272_p_ce      |  out|    1|  ap_ctrl_hs|  atan2_cordic<double>|  return value|
|y_in                 |   in|   64|     ap_none|                  y_in|        scalar|
|x_in                 |   in|   64|     ap_none|                  x_in|        scalar|
+---------------------+-----+-----+------------+----------------------+--------------+

