

================================================================
== Vitis HLS Report for 'atan2_generic_double_s'
================================================================
* Date:           Wed Dec 14 18:16:42 2022

* Version:        2020.2 (Build 3064766 on Wed Nov 18 09:12:47 MST 2020)
* Project:        inversekinematics
* Solution:       solution1 (Vivado IP Flow Target)
* Product family: zynquplus
* Target device:  xczu3eg-sbva484-1-i


================================================================
== Performance Estimates
================================================================
+ Timing: 
    * Summary: 
    +--------+----------+----------+------------+
    |  Clock |  Target  | Estimated| Uncertainty|
    +--------+----------+----------+------------+
    |ap_clk  |  10.00 ns|  7.288 ns|     2.70 ns|
    +--------+----------+----------+------------+

+ Latency: 
    * Summary: 
    +---------+---------+-----------+----------+-----+-----+---------+
    |  Latency (cycles) |  Latency (absolute)  |  Interval | Pipeline|
    |   min   |   max   |    min    |    max   | min | max |   Type  |
    +---------+---------+-----------+----------+-----+-----+---------+
    |        1|       94|  10.000 ns|  0.940 us|    1|   94|     none|
    +---------+---------+-----------+----------+-----+-----+---------+

    + Detail: 
        * Instance: 
        N/A

        * Loop: 
        +----------+---------+---------+----------+-----------+-----------+------+----------+
        |          |  Latency (cycles) | Iteration|  Initiation Interval  | Trip |          |
        | Loop Name|   min   |   max   |  Latency |  achieved |   target  | Count| Pipelined|
        +----------+---------+---------+----------+-----------+-----------+------+----------+
        |- Loop 1  |       89|       89|         2|          1|          1|    88|       yes|
        +----------+---------+---------+----------+-----------+-----------+------+----------+



================================================================
== Utilization Estimates
================================================================
* Summary: 
+-----------------+---------+-----+--------+-------+-----+
|       Name      | BRAM_18K| DSP |   FF   |  LUT  | URAM|
+-----------------+---------+-----+--------+-------+-----+
|DSP              |        -|    -|       -|      -|    -|
|Expression       |        -|    -|       0|   4232|    -|
|FIFO             |        -|    -|       -|      -|    -|
|Instance         |        -|    -|       -|      -|    -|
|Memory           |        4|    -|       0|      0|    -|
|Multiplexer      |        -|    -|       -|    211|    -|
|Register         |        -|    -|     713|      -|    -|
+-----------------+---------+-----+--------+-------+-----+
|Total            |        4|    0|     713|   4443|    0|
+-----------------+---------+-----+--------+-------+-----+
|Available        |      432|  360|  141120|  70560|    0|
+-----------------+---------+-----+--------+-------+-----+
|Utilization (%)  |       ~0|    0|      ~0|      6|    0|
+-----------------+---------+-----+--------+-------+-----+

+ Detail: 
    * Instance: 
    +-----------------------------------+-------------------------------+---------+----+---+----+-----+
    |              Instance             |             Module            | BRAM_18K| DSP| FF| LUT| URAM|
    +-----------------------------------+-------------------------------+---------+----+---+----+-----+
    |ddiv_64ns_64ns_64_22_no_dsp_1_U46  |ddiv_64ns_64ns_64_22_no_dsp_1  |        0|   0|  0|   0|    0|
    +-----------------------------------+-------------------------------+---------+----+---+----+-----+
    |Total                              |                               |        0|   0|  0|   0|    0|
    +-----------------------------------+-------------------------------+---------+----+---+----+-----+

    * DSP: 
    N/A

    * Memory: 
    +---------------------------+--------------------------------------------------------------+---------+---+----+-----+------+-----+------+-------------+
    |           Memory          |                            Module                            | BRAM_18K| FF| LUT| URAM| Words| Bits| Banks| W*Bits*Banks|
    +---------------------------+--------------------------------------------------------------+---------+---+----+-----+------+-----+------+-------------+
    |cordic_ctab_table_128_V_U  |generic_asin_double_s_cordic_apfixed_circ_table_arctan_128_V  |        4|  0|   0|    0|   128|  126|     1|        16128|
    +---------------------------+--------------------------------------------------------------+---------+---+----+-----+------+-----+------+-------------+
    |Total                      |                                                              |        4|  0|   0|    0|   128|  126|     1|        16128|
    +---------------------------+--------------------------------------------------------------+---------+---+----+-----+------+-----+------+-------------+

    * FIFO: 
    N/A

    * Expression: 
    +------------------------+----------+----+---+-----+------------+------------+
    |      Variable Name     | Operation| DSP| FF| LUT | Bitwidth P0| Bitwidth P1|
    +------------------------+----------+----+---+-----+------------+------------+
    |NZeros_4_fu_581_p2      |         +|   0|  0|   39|          32|          32|
    |add_ln130_1_fu_437_p2   |         +|   0|  0|   96|          89|          89|
    |add_ln130_2_fu_489_p2   |         +|   0|  0|   93|          86|          86|
    |add_ln130_fu_411_p2     |         +|   0|  0|   96|          89|          89|
    |add_ln167_fu_370_p2     |         +|   0|  0|   14|           7|           1|
    |add_ln369_fu_473_p2     |         +|   0|  0|   92|          85|          85|
    |add_ln858_fu_739_p2     |         +|   0|  0|   39|          32|           7|
    |add_ln869_fu_812_p2     |         +|   0|  0|   17|          11|          11|
    |lsb_index_fu_601_p2     |         +|   0|  0|   39|          32|           7|
    |m_5_fu_771_p2           |         +|   0|  0|   71|          64|          64|
    |ret_fu_256_p2           |         +|   0|  0|   19|          12|           5|
    |ret_6_fu_278_p2         |         -|   0|  0|   19|          12|          12|
    |sub_ln130_1_fu_431_p2   |         -|   0|  0|   96|          89|          89|
    |sub_ln130_2_fu_483_p2   |         -|   0|  0|   93|          86|          86|
    |sub_ln130_fu_405_p2     |         -|   0|  0|   96|          89|          89|
    |sub_ln1321_fu_328_p2    |         -|   0|  0|   19|           1|          12|
    |sub_ln848_fu_595_p2     |         -|   0|  0|   39|           7|          32|
    |sub_ln851_fu_627_p2     |         -|   0|  0|   14|           4|           7|
    |sub_ln859_fu_725_p2     |         -|   0|  0|   39|           6|          32|
    |sub_ln869_fu_807_p2     |         -|   0|  0|   17|           1|          11|
    |tmp_V_fu_508_p2         |         -|   0|  0|   93|           1|          86|
    |and_ln853_1_fu_699_p2   |       and|   0|  0|    2|           1|           1|
    |and_ln853_fu_659_p2     |       and|   0|  0|   86|          86|          86|
    |r_V_54_fu_399_p2        |      ashr|   0|  0|  282|          89|          89|
    |r_V_55_fu_425_p2        |      ashr|   0|  0|  282|          89|          89|
    |hitNonZero_fu_551_p2    |      icmp|   0|  0|   29|          64|           1|
    |icmp_ln167_fu_376_p2    |      icmp|   0|  0|   10|           7|           7|
    |icmp_ln824_fu_272_p2    |      icmp|   0|  0|   11|          11|           1|
    |icmp_ln832_fu_266_p2    |      icmp|   0|  0|   12|          12|          12|
    |icmp_ln839_fu_502_p2    |      icmp|   0|  0|   36|          86|           1|
    |icmp_ln850_fu_617_p2    |      icmp|   0|  0|   19|          31|           1|
    |icmp_ln853_fu_665_p2    |      icmp|   0|  0|   36|          86|           1|
    |icmp_ln858_fu_693_p2    |      icmp|   0|  0|   20|          32|           1|
    |lshr_ln851_fu_637_p2    |      lshr|   0|  0|  269|           2|          86|
    |lshr_ln858_fu_748_p2    |      lshr|   0|  0|  269|          86|          86|
    |r_V_49_fu_356_p2        |      lshr|   0|  0|  282|          89|          89|
    |or_ln853_2_fu_653_p2    |        or|   0|  0|   86|          86|          86|
    |NZeros_6_fu_587_p3      |    select|   0|  0|   32|           1|          32|
    |m_fu_761_p3             |    select|   0|  0|   56|           1|          64|
    |r_V_53_fu_362_p3        |    select|   0|  0|   86|           1|          89|
    |select_ln847_fu_799_p3  |    select|   0|  0|    9|           1|          10|
    |select_ln850_fu_705_p3  |    select|   0|  0|    2|           1|           1|
    |select_ln858_fu_713_p3  |    select|   0|  0|    2|           1|           1|
    |tmp_V_4_fu_522_p3       |    select|   0|  0|   83|           1|          86|
    |ush_fu_334_p3           |    select|   0|  0|   12|           1|          12|
    |x_V_2_fu_417_p3         |    select|   0|  0|   86|           1|          89|
    |y_V_3_fu_443_p3         |    select|   0|  0|   86|           1|          89|
    |z_V_1_fu_495_p3         |    select|   0|  0|   83|           1|          86|
    |r_V_fu_350_p2           |       shl|   0|  0|  282|          89|          89|
    |shl_ln853_fu_647_p2     |       shl|   0|  0|  269|           1|          86|
    |shl_ln859_fu_734_p2     |       shl|   0|  0|  269|          86|          86|
    |ap_enable_pp0           |       xor|   0|  0|    2|           1|           2|
    |xor_ln853_fu_679_p2     |       xor|   0|  0|    2|           1|           2|
    +------------------------+----------+----+---+-----+------------+------------+
    |Total                   |          |   0|  0| 4232|        1881|        2393|
    +------------------------+----------+----+---+-----+------------+------------+

    * Multiplexer: 
    +-----------------------------------+-----+-----------+-----+-----------+
    |                Name               | LUT | Input Size| Bits| Total Bits|
    +-----------------------------------+-----+-----------+-----+-----------+
    |ap_NS_fsm                          |  134|         28|    1|         28|
    |ap_enable_reg_pp0_iter1            |    9|          2|    1|          2|
    |ap_phi_mux_retval_0_phi_fu_206_p8  |    9|          2|   64|        128|
    |ap_return                          |    9|          2|   64|        128|
    |k_reg_161                          |    9|          2|    7|         14|
    |p_Val2_21_reg_172                  |    9|          2|   89|        178|
    |retval_0_reg_202                   |   14|          3|   64|        192|
    |x_V_1_reg_181                      |    9|          2|   89|        178|
    |z_V_reg_190                        |    9|          2|   86|        172|
    +-----------------------------------+-----+-----------+-----+-----------+
    |Total                              |  211|         45|  465|       1020|
    +-----------------------------------+-----+-----------+-----+-----------+

    * Register: 
    +-------------------------+----+----+-----+-----------+
    |           Name          | FF | LUT| Bits| Const Bits|
    +-------------------------+----+----+-----+-----------+
    |ap_CS_fsm                |  27|   0|   27|          0|
    |ap_enable_reg_pp0_iter0  |   1|   0|    1|          0|
    |ap_enable_reg_pp0_iter1  |   1|   0|    1|          0|
    |ap_return_preg           |  64|   0|   64|          0|
    |div_i_reg_948            |  64|   0|   64|          0|
    |icmp_ln167_reg_874       |   1|   0|    1|          0|
    |icmp_ln832_reg_851       |   1|   0|    1|          0|
    |icmp_ln858_reg_928       |   1|   0|    1|          0|
    |k_reg_161                |   7|   0|    7|          0|
    |p_Result_27_reg_878      |   1|   0|    1|          0|
    |p_Result_28_reg_911      |   1|   0|    1|          0|
    |p_Val2_21_reg_172        |  89|   0|   89|          0|
    |retval_0_reg_202         |  64|   0|   64|          0|
    |select_ln858_reg_933     |   1|   0|    1|          0|
    |sub_ln848_reg_922        |  32|   0|   32|          0|
    |tmp_V_4_reg_916          |  86|   0|   86|          0|
    |tmp_V_reg_906            |  86|   0|   86|          0|
    |trunc_ln847_reg_938      |  11|   0|   11|          0|
    |x_V_1_reg_181            |  89|   0|   89|          0|
    |z_V_reg_190              |  86|   0|   86|          0|
    +-------------------------+----+----+-----+-----------+
    |Total                    | 713|   0|  713|          0|
    +-------------------------+----+----+-----+-----------+



================================================================
== Interface
================================================================
* Summary: 
+-----------+-----+-----+------------+-----------------------+--------------+
| RTL Ports | Dir | Bits|  Protocol  |     Source Object     |    C Type    |
+-----------+-----+-----+------------+-----------------------+--------------+
|ap_clk     |   in|    1|  ap_ctrl_hs|  atan2_generic<double>|  return value|
|ap_rst     |   in|    1|  ap_ctrl_hs|  atan2_generic<double>|  return value|
|ap_start   |   in|    1|  ap_ctrl_hs|  atan2_generic<double>|  return value|
|ap_done    |  out|    1|  ap_ctrl_hs|  atan2_generic<double>|  return value|
|ap_idle    |  out|    1|  ap_ctrl_hs|  atan2_generic<double>|  return value|
|ap_ready   |  out|    1|  ap_ctrl_hs|  atan2_generic<double>|  return value|
|ap_return  |  out|   64|  ap_ctrl_hs|  atan2_generic<double>|  return value|
|y_in       |   in|   64|     ap_none|                   y_in|        scalar|
|x_in       |   in|   64|     ap_none|                   x_in|        scalar|
+-----------+-----+-----+------------+-----------------------+--------------+

