

================================================================
== Synthesis Summary Report of 'inversekinematics'
================================================================
+ General Information: 
    * Date:           Wed Dec 14 18:16:45 2022
    * Version:        2020.2 (Build 3064766 on Wed Nov 18 09:12:47 MST 2020)
    * Project:        inversekinematics
    * Solution:       solution1 (Vivado IP Flow Target)
    * Product family: zynquplus
    * Target device:  xczu3eg-sbva484-1-i
    

+ Performance & Resource Estimates: 
    
    PS: '+' for module; 'o' for loop; '*' for dataflow
    +---------------------------------------+--------+-------+---------+-----------+----------+---------+------+----------+----------+----------+------------+-------------+-----+
    |                Modules                |  Issue |       | Latency |  Latency  | Iteration|         | Trip |          |          |          |            |             |     |
    |                & Loops                |  Type  | Slack | (cycles)|    (ns)   |  Latency | Interval| Count| Pipelined|   BRAM   |    DSP   |     FF     |     LUT     | URAM|
    +---------------------------------------+--------+-------+---------+-----------+----------+---------+------+----------+----------+----------+------------+-------------+-----+
    |+ inversekinematics                    |  Timing|   0.02|      339|  3.390e+03|         -|      340|     -|        no|  68 (15%)|  97 (26%)|  14100 (9%)|  27525 (39%)|    -|
    | + grp_pow_generic_double_s_fu_169     |      II|  -0.09|       23|    230.000|         -|        1|     -|       yes|   30 (6%)|  36 (10%)|   4575 (3%)|    6107 (8%)|    -|
    | + grp_pow_generic_double_s_fu_198     |      II|  -0.09|       23|    230.000|         -|        1|     -|       yes|   30 (6%)|  36 (10%)|   4575 (3%)|    6107 (8%)|    -|
    | + grp_atan2_cordic_double_s_fu_227    |  Timing|   0.00|      109|  1.090e+03|         -|      109|     -|        no|   4 (~0%)|         -|  1264 (~0%)|    5118 (7%)|    -|
    |  + grp_atan2_generic_double_s_fu_163  |       -|  -0.01|       94|    940.000|         -|       94|     -|        no|   4 (~0%)|         -|   713 (~0%)|    4443 (6%)|    -|
    |   o Loop 1                            |       -|  -7.30|       89|    890.000|         2|        1|    88|       yes|         -|         -|           -|            -|    -|
    | + grp_generic_asin_double_s_fu_235    |       -|  -0.35|       90|    900.000|         -|       90|     -|        no|   4 (~0%)|         -|   879 (~0%)|    6876 (9%)|    -|
    |  o Loop 1                             |       -|  -7.30|       84|    840.000|         2|        1|    84|       yes|         -|         -|           -|            -|    -|
    | o VITIS_LOOP_15_1                     |       -|  -7.30|        2|     20.000|         2|        1|     2|       yes|         -|         -|           -|            -|    -|
    +---------------------------------------+--------+-------+---------+-----------+----------+---------+------+----------+----------+----------+------------+-------------+-----+

