

================================================================
== Vitis HLS Report for 'generic_asin_double_s'
================================================================
* Date:           Wed Dec 14 18:16:41 2022

* Version:        2020.2 (Build 3064766 on Wed Nov 18 09:12:47 MST 2020)
* Project:        inversekinematics
* Solution:       solution1 (Vivado IP Flow Target)
* Product family: zynquplus
* Target device:  xczu3eg-sbva484-1-i


================================================================
== Performance Estimates
================================================================
+ Timing: 
    * Summary: 
    +--------+----------+----------+------------+
    |  Clock |  Target  | Estimated| Uncertainty|
    +--------+----------+----------+------------+
    |ap_clk  |  10.00 ns|  6.946 ns|     2.70 ns|
    +--------+----------+----------+------------+

+ Latency: 
    * Summary: 
    +---------+---------+-----------+----------+-----+-----+---------+
    |  Latency (cycles) |  Latency (absolute)  |  Interval | Pipeline|
    |   min   |   max   |    min    |    max   | min | max |   Type  |
    +---------+---------+-----------+----------+-----+-----+---------+
    |        1|       90|  10.000 ns|  0.900 us|    1|   90|     none|
    +---------+---------+-----------+----------+-----+-----+---------+

    + Detail: 
        * Instance: 
        N/A

        * Loop: 
        +----------+---------+---------+----------+-----------+-----------+------+----------+
        |          |  Latency (cycles) | Iteration|  Initiation Interval  | Trip |          |
        | Loop Name|   min   |   max   |  Latency |  achieved |   target  | Count| Pipelined|
        +----------+---------+---------+----------+-----------+-----------+------+----------+
        |- Loop 1  |       84|       84|         2|          1|          1|    84|       yes|
        +----------+---------+---------+----------+-----------+-----------+------+----------+



================================================================
== Utilization Estimates
================================================================
* Summary: 
+-----------------+---------+-----+--------+-------+-----+
|       Name      | BRAM_18K| DSP |   FF   |  LUT  | URAM|
+-----------------+---------+-----+--------+-------+-----+
|DSP              |        -|    -|       -|      -|    -|
|Expression       |        -|    -|       0|   6699|    -|
|FIFO             |        -|    -|       -|      -|    -|
|Instance         |        -|    -|       -|      -|    -|
|Memory           |        4|    -|       0|      0|    -|
|Multiplexer      |        -|    -|       -|    177|    -|
|Register         |        -|    -|     879|      -|    -|
+-----------------+---------+-----+--------+-------+-----+
|Total            |        4|    0|     879|   6876|    0|
+-----------------+---------+-----+--------+-------+-----+
|Available        |      432|  360|  141120|  70560|    0|
+-----------------+---------+-----+--------+-------+-----+
|Utilization (%)  |       ~0|    0|      ~0|      9|    0|
+-----------------+---------+-----+--------+-------+-----+

+ Detail: 
    * Instance: 
    N/A

    * DSP: 
    N/A

    * Memory: 
    +------------------------------------------+--------------------------------------------------------------+---------+---+----+-----+------+-----+------+-------------+
    |                  Memory                  |                            Module                            | BRAM_18K| FF| LUT| URAM| Words| Bits| Banks| W*Bits*Banks|
    +------------------------------------------+--------------------------------------------------------------+---------+---+----+-----+------+-----+------+-------------+
    |cordic_apfixed_circ_table_arctan_128_V_U  |generic_asin_double_s_cordic_apfixed_circ_table_arctan_128_V  |        4|  0|   0|    0|   128|  126|     1|        16128|
    +------------------------------------------+--------------------------------------------------------------+---------+---+----+-----+------+-----+------+-------------+
    |Total                                     |                                                              |        4|  0|   0|    0|   128|  126|     1|        16128|
    +------------------------------------------+--------------------------------------------------------------+---------+---+----+-----+------+-----+------+-------------+

    * FIFO: 
    N/A

    * Expression: 
    +--------------------------+----------+----+---+-----+------------+------------+
    |       Variable Name      | Operation| DSP| FF| LUT | Bitwidth P0| Bitwidth P1|
    +--------------------------+----------+----+---+-----+------------+------------+
    |NZeros_1_fu_946_p2        |         +|   0|  0|   39|          32|          32|
    |add_ln176_fu_644_p2       |         +|   0|  0|   15|           8|           2|
    |add_ln535_fu_403_p2       |         +|   0|  0|   19|          12|           8|
    |add_ln657_3_fu_760_p2     |         +|   0|  0|   93|          86|          86|
    |add_ln657_5_fu_854_p2     |         +|   0|  0|   93|          86|          86|
    |add_ln657_fu_754_p2       |         +|   0|  0|   93|          86|          86|
    |add_ln858_fu_1104_p2      |         +|   0|  0|   39|          32|           7|
    |add_ln869_fu_1177_p2      |         +|   0|  0|   17|          11|          11|
    |lsb_index_fu_966_p2       |         +|   0|  0|   39|          32|           7|
    |m_1_fu_1136_p2            |         +|   0|  0|   71|          64|          64|
    |n_1_fu_603_p2             |         +|   0|  0|   14|           7|           1|
    |t_V_6_fu_812_p2           |         +|   0|  0|   93|          86|          86|
    |F2_fu_391_p2              |         -|   0|  0|   19|          11|          12|
    |man_V_2_fu_371_p2         |         -|   0|  0|   61|           1|          54|
    |sub_ln1321_fu_658_p2      |         -|   0|  0|   15|           1|           8|
    |sub_ln535_fu_409_p2       |         -|   0|  0|   19|           7|          12|
    |sub_ln657_1_fu_742_p2     |         -|   0|  0|   93|          86|          86|
    |sub_ln657_2_fu_748_p2     |         -|   0|  0|   93|          86|          86|
    |sub_ln657_3_fu_766_p2     |         -|   0|  0|   93|          86|          86|
    |sub_ln657_4_fu_848_p2     |         -|   0|  0|   93|          86|          86|
    |sub_ln657_fu_736_p2       |         -|   0|  0|   93|          86|          86|
    |sub_ln848_fu_960_p2       |         -|   0|  0|   39|           7|          32|
    |sub_ln851_fu_992_p2       |         -|   0|  0|   14|           4|           7|
    |sub_ln859_fu_1090_p2      |         -|   0|  0|   39|           6|          32|
    |sub_ln869_fu_1172_p2      |         -|   0|  0|   17|           2|          11|
    |tmp_V_fu_873_p2           |         -|   0|  0|   93|           1|          86|
    |and_ln535_fu_509_p2       |       and|   0|  0|    2|           1|           1|
    |and_ln536_fu_491_p2       |       and|   0|  0|    2|           1|           1|
    |and_ln539_1_fu_527_p2     |       and|   0|  0|    2|           1|           1|
    |and_ln539_fu_515_p2       |       and|   0|  0|    2|           1|           1|
    |and_ln557_fu_545_p2       |       and|   0|  0|    2|           1|           1|
    |and_ln853_1_fu_1064_p2    |       and|   0|  0|    2|           1|           1|
    |and_ln853_fu_1024_p2      |       and|   0|  0|   86|          86|          86|
    |r_V_34_fu_686_p2          |      ashr|   0|  0|  269|          86|          86|
    |r_V_37_fu_706_p2          |      ashr|   0|  0|  269|          86|          86|
    |r_V_45_fu_724_p2          |      ashr|   0|  0|  269|          86|          86|
    |r_V_46_fu_730_p2          |      ashr|   0|  0|  269|          86|          86|
    |r_V_47_fu_806_p2          |      ashr|   0|  0|  269|          86|          86|
    |t_V_2_fu_453_p2           |      ashr|   0|  0|  159|          54|          54|
    |hitNonZero_fu_916_p2      |      icmp|   0|  0|   29|          64|           1|
    |icmp_ln103_fu_288_p2      |      icmp|   0|  0|   11|          11|           2|
    |icmp_ln106_fu_294_p2      |      icmp|   0|  0|   11|          11|           1|
    |icmp_ln109_fu_300_p2      |      icmp|   0|  0|   11|          11|          10|
    |icmp_ln112_fu_306_p2      |      icmp|   0|  0|   11|          11|          10|
    |icmp_ln143_fu_609_p2      |      icmp|   0|  0|   10|           7|           7|
    |icmp_ln160_fu_632_p2      |      icmp|   0|  0|   36|          86|          86|
    |icmp_ln195_fu_796_p2      |      icmp|   0|  0|   10|           7|           6|
    |icmp_ln525_fu_385_p2      |      icmp|   0|  0|   28|          63|           1|
    |icmp_ln535_fu_397_p2      |      icmp|   0|  0|   12|          12|           7|
    |icmp_ln536_fu_423_p2      |      icmp|   0|  0|   12|          12|           7|
    |icmp_ln539_fu_433_p2      |      icmp|   0|  0|   12|          12|           6|
    |icmp_ln557_fu_439_p2      |      icmp|   0|  0|   12|          12|           7|
    |icmp_ln824_fu_320_p2      |      icmp|   0|  0|   24|          52|           1|
    |icmp_ln839_fu_867_p2      |      icmp|   0|  0|   36|          86|           1|
    |icmp_ln850_fu_982_p2      |      icmp|   0|  0|   19|          31|           1|
    |icmp_ln853_fu_1030_p2     |      icmp|   0|  0|   36|          86|           1|
    |icmp_ln858_fu_1058_p2     |      icmp|   0|  0|   20|          32|           1|
    |lshr_ln851_fu_1002_p2     |      lshr|   0|  0|  269|           2|          86|
    |lshr_ln858_fu_1113_p2     |      lshr|   0|  0|  269|          86|          86|
    |or_ln535_fu_533_p2        |        or|   0|  0|    2|           1|           1|
    |or_ln536_fu_497_p2        |        or|   0|  0|    2|           1|           1|
    |or_ln557_1_fu_577_p2      |        or|   0|  0|    2|           1|           1|
    |or_ln557_2_fu_591_p2      |        or|   0|  0|    2|           1|           1|
    |or_ln557_fu_559_p2        |        or|   0|  0|    2|           1|           1|
    |or_ln853_1_fu_1018_p2     |        or|   0|  0|   86|          86|          86|
    |NZeros_3_fu_952_p3        |    select|   0|  0|   32|           1|          32|
    |inabs_2_fu_280_p3         |    select|   0|  0|   56|           1|          64|
    |m_fu_1126_p3              |    select|   0|  0|   56|           1|          64|
    |man_V_fu_377_p3           |    select|   0|  0|   53|           1|          54|
    |out_1_fu_1221_p3          |    select|   0|  0|   56|           1|          64|
    |r_V_43_fu_692_p3          |    select|   0|  0|   83|           1|          86|
    |r_V_44_fu_712_p3          |    select|   0|  0|   83|           1|          86|
    |select_ln113_fu_1228_p3   |    select|   0|  0|   55|           1|          62|
    |select_ln542_fu_467_p3    |    select|   0|  0|    2|           1|           2|
    |select_ln557_1_fu_565_p3  |    select|   0|  0|   53|           1|          54|
    |select_ln557_2_fu_583_p3  |    select|   0|  0|   83|           1|          86|
    |select_ln557_3_fu_597_p3  |    select|   0|  0|   83|           1|          86|
    |select_ln557_fu_551_p3    |    select|   0|  0|   83|           1|          86|
    |select_ln847_fu_1164_p3   |    select|   0|  0|    9|           1|          10|
    |select_ln850_fu_1070_p3   |    select|   0|  0|    2|           1|           1|
    |select_ln858_fu_1078_p3   |    select|   0|  0|    2|           1|           1|
    |sh_amt_fu_415_p3          |    select|   0|  0|   12|           1|          12|
    |t_V_7_fu_818_p3           |    select|   0|  0|   83|           1|          86|
    |tmp_V_2_fu_887_p3         |    select|   0|  0|   83|           1|          86|
    |tz_fu_860_p3              |    select|   0|  0|   83|           1|          86|
    |ush_fu_664_p3             |    select|   0|  0|    8|           1|           8|
    |x_V_fu_772_p3             |    select|   0|  0|   83|           1|          86|
    |y_V_fu_780_p3             |    select|   0|  0|   83|           1|          86|
    |r_V_36_fu_700_p2          |       shl|   0|  0|  269|          86|          86|
    |r_V_fu_680_p2             |       shl|   0|  0|  269|          86|          86|
    |shl_ln853_fu_1012_p2      |       shl|   0|  0|  269|           1|          86|
    |shl_ln859_fu_1099_p2      |       shl|   0|  0|  269|          86|          86|
    |t_V_4_fu_479_p2           |       shl|   0|  0|  269|          86|          86|
    |ap_enable_pp0             |       xor|   0|  0|    2|           1|           2|
    |ap_enable_reg_pp0_iter1   |       xor|   0|  0|    2|           2|           1|
    |d_V_fu_638_p2             |       xor|   0|  0|    2|           1|           1|
    |xor_ln137_fu_1211_p2      |       xor|   0|  0|   65|          64|          65|
    |xor_ln525_fu_485_p2       |       xor|   0|  0|    2|           1|           2|
    |xor_ln535_fu_539_p2       |       xor|   0|  0|    2|           1|           2|
    |xor_ln536_fu_503_p2       |       xor|   0|  0|    2|           1|           2|
    |xor_ln539_fu_521_p2       |       xor|   0|  0|    2|           1|           2|
    |xor_ln853_fu_1044_p2      |       xor|   0|  0|    2|           1|           2|
    |xor_ln96_fu_270_p2        |       xor|   0|  0|   65|          64|          65|
    +--------------------------+----------+----+---+-----+------------+------------+
    |Total                     |          |   0|  0| 6699|        2878|        4017|
    +--------------------------+----------+----+---+-----+------------+------------+

    * Multiplexer: 
    +-------------------------------+----+-----------+-----+-----------+
    |              Name             | LUT| Input Size| Bits| Total Bits|
    +-------------------------------+----+-----------+-----+-----------+
    |ap_NS_fsm                      |  65|         13|    1|         13|
    |ap_enable_reg_pp0_iter1        |  14|          3|    1|          3|
    |ap_phi_mux_n_phi_fu_169_p4     |   9|          2|    7|         14|
    |ap_phi_mux_out_phi_fu_224_p14  |   9|          2|   64|        128|
    |ap_return                      |   9|          2|   64|        128|
    |empty_61_reg_197               |   9|          2|   86|        172|
    |empty_62_reg_208               |   9|          2|   86|        172|
    |empty_reg_185                  |   9|          2|   86|        172|
    |n_reg_165                      |   9|          2|    7|         14|
    |out_reg_219                    |  26|          5|   64|        320|
    |t_V_5_reg_176                  |   9|          2|   86|        172|
    +-------------------------------+----+-----------+-----+-----------+
    |Total                          | 177|         37|  552|       1308|
    +-------------------------------+----+-----------+-----+-----------+

    * Register: 
    +-------------------------+----+----+-----+-----------+
    |           Name          | FF | LUT| Bits| Const Bits|
    +-------------------------+----+----+-----+-----------+
    |ap_CS_fsm                |  12|   0|   12|          0|
    |ap_enable_reg_pp0_iter0  |   1|   0|    1|          0|
    |ap_enable_reg_pp0_iter1  |   1|   0|    1|          0|
    |ap_return_preg           |  64|   0|   64|          0|
    |d_V_reg_1295             |   1|   0|    1|          0|
    |empty_61_reg_197         |  86|   0|   86|          0|
    |empty_62_reg_208         |  86|   0|   86|          0|
    |empty_reg_185            |  86|   0|   86|          0|
    |icmp_ln103_reg_1246      |   1|   0|    1|          0|
    |icmp_ln106_reg_1250      |   1|   0|    1|          0|
    |icmp_ln109_reg_1254      |   1|   0|    1|          0|
    |icmp_ln112_reg_1258      |   1|   0|    1|          0|
    |icmp_ln143_reg_1291      |   1|   0|    1|          0|
    |icmp_ln824_reg_1266      |   1|   0|    1|          0|
    |icmp_ln839_reg_1325      |   1|   0|    1|          0|
    |icmp_ln858_reg_1351      |   1|   0|    1|          0|
    |inabs_2_reg_1240         |  64|   0|   64|          0|
    |n_1_reg_1286             |   7|   0|    7|          0|
    |n_reg_165                |   7|   0|    7|          0|
    |or_ln557_2_reg_1276      |   1|   0|    1|          0|
    |out_reg_219              |  64|   0|   64|          0|
    |p_Result_17_reg_1235     |   1|   0|    1|          0|
    |p_Result_20_reg_1334     |   1|   0|    1|          0|
    |select_ln557_2_reg_1271  |  86|   0|   86|          0|
    |select_ln858_reg_1356    |   1|   0|    1|          0|
    |sub_ln848_reg_1345       |  32|   0|   32|          0|
    |t_V_5_reg_176            |  86|   0|   86|          0|
    |tmp_28_reg_1262          |   1|   0|    1|          0|
    |tmp_V_2_reg_1339         |  86|   0|   86|          0|
    |tmp_V_reg_1329           |  86|   0|   86|          0|
    |trunc_ln847_reg_1361     |  11|   0|   11|          0|
    +-------------------------+----+----+-----+-----------+
    |Total                    | 879|   0|  879|          0|
    +-------------------------+----+----+-----+-----------+



================================================================
== Interface
================================================================
* Summary: 
+-----------+-----+-----+------------+----------------------+--------------+
| RTL Ports | Dir | Bits|  Protocol  |     Source Object    |    C Type    |
+-----------+-----+-----+------------+----------------------+--------------+
|ap_clk     |   in|    1|  ap_ctrl_hs|  generic_asin<double>|  return value|
|ap_rst     |   in|    1|  ap_ctrl_hs|  generic_asin<double>|  return value|
|ap_start   |   in|    1|  ap_ctrl_hs|  generic_asin<double>|  return value|
|ap_done    |  out|    1|  ap_ctrl_hs|  generic_asin<double>|  return value|
|ap_idle    |  out|    1|  ap_ctrl_hs|  generic_asin<double>|  return value|
|ap_ready   |  out|    1|  ap_ctrl_hs|  generic_asin<double>|  return value|
|ap_return  |  out|   64|  ap_ctrl_hs|  generic_asin<double>|  return value|
|in_r       |   in|   64|     ap_none|                  in_r|        scalar|
+-----------+-----+-----+------------+----------------------+--------------+

