

================================================================
== Synthesis Summary Report of 'nn_inference'
================================================================
+ General Information: 
    * Date:           Thu Dec 29 17:04:04 2022
    * Version:        2020.2 (Build 3064766 on Wed Nov 18 09:12:47 MST 2020)
    * Project:        ArmNet
    * Solution:       solution1 (Vivado IP Flow Target)
    * Product family: zynquplus
    * Target device:  xczu3eg-sbva484-1-i
    

+ Performance & Resource Estimates: 
    
    PS: '+' for module; 'o' for loop; '*' for dataflow
    +-------------------+------+-------+---------+-----------+----------+---------+------+----------+--------+----+-------------+-------------+-----+
    |      Modules      | Issue|       | Latency |  Latency  | Iteration|         | Trip |          |        |    |             |             |     |
    |      & Loops      | Type | Slack | (cycles)|    (ns)   |  Latency | Interval| Count| Pipelined|  BRAM  | DSP|      FF     |     LUT     | URAM|
    +-------------------+------+-------+---------+-----------+----------+---------+------+----------+--------+----+-------------+-------------+-----+
    |+ nn_inference     |     -|  -0.02|     3860|  3.860e+04|         -|     3861|     -|        no|  9 (2%)|   -|  14666 (10%)|  15532 (22%)|    -|
    | o VITIS_LOOP_5_1  |     -|  -7.30|      102|  1.020e+03|         4|        1|   100|       yes|       -|   -|            -|            -|    -|
    | o col             |     -|  -7.30|     3456|  3.456e+04|        54|        -|    64|        no|       -|   -|            -|            -|    -|
    |  o prod           |     -|  -7.30|       51|    510.000|         3|        1|    50|       yes|       -|   -|            -|            -|    -|
    | o loop1           |     -|  -7.30|       66|    660.000|         4|        1|    64|       yes|       -|   -|            -|            -|    -|
    | o col             |     -|  -7.30|       77|    770.000|        15|        1|    64|       yes|       -|   -|            -|            -|    -|
    | o loop1           |     -|  -7.30|       66|    660.000|         4|        1|    64|       yes|       -|   -|            -|            -|    -|
    | o col             |     -|  -7.30|       14|    140.000|        14|        1|     2|       yes|       -|   -|            -|            -|    -|
    | o loop1           |     -|  -7.30|        2|     20.000|         1|        1|     2|       yes|       -|   -|            -|            -|    -|
    +-------------------+------+-------+---------+-----------+----------+---------+------+----------+--------+----+-------------+-------------+-----+

