

================================================================
== Vitis HLS Report for 'nn_inference'
================================================================
* Date:           Thu Dec 29 17:03:59 2022

* Version:        2020.2 (Build 3064766 on Wed Nov 18 09:12:47 MST 2020)
* Project:        ArmNet
* Solution:       solution1 (Vivado IP Flow Target)
* Product family: zynquplus
* Target device:  xczu3eg-sbva484-1-i


================================================================
== Performance Estimates
================================================================
+ Timing: 
    * Summary: 
    +--------+----------+----------+------------+
    |  Clock |  Target  | Estimated| Uncertainty|
    +--------+----------+----------+------------+
    |ap_clk  |  10.00 ns|  7.285 ns|     2.70 ns|
    +--------+----------+----------+------------+

+ Latency: 
    * Summary: 
    +---------+---------+-----------+-----------+------+------+---------+
    |  Latency (cycles) |   Latency (absolute)  |   Interval  | Pipeline|
    |   min   |   max   |    min    |    max    |  min |  max |   Type  |
    +---------+---------+-----------+-----------+------+------+---------+
    |     3860|     3860|  38.600 us|  38.600 us|  3861|  3861|     none|
    +---------+---------+-----------+-----------+------+------+---------+

    + Detail: 
        * Instance: 
        N/A

        * Loop: 
        +------------------+---------+---------+----------+-----------+-----------+------+----------+
        |                  |  Latency (cycles) | Iteration|  Initiation Interval  | Trip |          |
        |     Loop Name    |   min   |   max   |  Latency |  achieved |   target  | Count| Pipelined|
        +------------------+---------+---------+----------+-----------+-----------+------+----------+
        |- VITIS_LOOP_5_1  |      102|      102|         4|          1|          1|   100|       yes|
        |- col             |     3456|     3456|        54|          -|          -|    64|        no|
        | + prod           |       51|       51|         3|          1|          1|    50|       yes|
        |- loop1           |       66|       66|         4|          1|          1|    64|       yes|
        |- col             |       77|       77|        15|          1|          1|    64|       yes|
        |- loop1           |       66|       66|         4|          1|          1|    64|       yes|
        |- col             |       14|       14|        14|          1|          1|     2|       yes|
        |- loop1           |        2|        2|         1|          1|          1|     2|       yes|
        +------------------+---------+---------+----------+-----------+-----------+------+----------+



================================================================
== Utilization Estimates
================================================================
* Summary: 
+-----------------+---------+-----+--------+-------+-----+
|       Name      | BRAM_18K| DSP |   FF   |  LUT  | URAM|
+-----------------+---------+-----+--------+-------+-----+
|DSP              |        -|    -|       -|      -|    -|
|Expression       |        -|    -|       0|  10902|    -|
|FIFO             |        -|    -|       -|      -|    -|
|Instance         |        -|    0|       0|   2500|    -|
|Memory           |        9|    -|     508|    508|    -|
|Multiplexer      |        -|    -|       -|   1366|    -|
|Register         |        -|    -|   14158|    256|    -|
+-----------------+---------+-----+--------+-------+-----+
|Total            |        9|    0|   14666|  15532|    0|
+-----------------+---------+-----+--------+-------+-----+
|Available        |      432|  360|  141120|  70560|    0|
+-----------------+---------+-----+--------+-------+-----+
|Utilization (%)  |        2|    0|      10|     22|    0|
+-----------------+---------+-----+--------+-------+-----+

+ Detail: 
    * Instance: 
    +--------------------------------+-----------------------------+---------+----+---+----+-----+
    |            Instance            |            Module           | BRAM_18K| DSP| FF| LUT| URAM|
    +--------------------------------+-----------------------------+---------+----+---+----+-----+
    |dcmp_64ns_64ns_1_2_no_dsp_1_U2  |dcmp_64ns_64ns_1_2_no_dsp_1  |        0|   0|  0|   0|    0|
    |fpext_32ns_64_2_no_dsp_1_U1     |fpext_32ns_64_2_no_dsp_1     |        0|   0|  0|   0|    0|
    |mul_32s_6ns_38_1_1_U72          |mul_32s_6ns_38_1_1           |        0|   0|  0|  20|    0|
    |mul_32s_7s_38_1_1_U70           |mul_32s_7s_38_1_1            |        0|   0|  0|  20|    0|
    |mul_32s_8ns_39_1_1_U69          |mul_32s_8ns_39_1_1           |        0|   0|  0|  20|    0|
    |mul_32s_8ns_39_1_1_U71          |mul_32s_8ns_39_1_1           |        0|   0|  0|  20|    0|
    |mul_7s_32s_38_1_1_U103          |mul_7s_32s_38_1_1            |        0|   0|  0|  20|    0|
    |mul_7s_32s_38_1_1_U123          |mul_7s_32s_38_1_1            |        0|   0|  0|  20|    0|
    |mul_7s_32s_38_1_1_U127          |mul_7s_32s_38_1_1            |        0|   0|  0|  20|    0|
    |mul_7s_32s_39_1_1_U9            |mul_7s_32s_39_1_1            |        0|   0|  0|  20|    0|
    |mul_7s_32s_39_1_1_U23           |mul_7s_32s_39_1_1            |        0|   0|  0|  20|    0|
    |mul_7s_32s_39_1_1_U36           |mul_7s_32s_39_1_1            |        0|   0|  0|  20|    0|
    |mul_7s_32s_39_1_1_U48           |mul_7s_32s_39_1_1            |        0|   0|  0|  20|    0|
    |mul_7s_32s_39_1_1_U50           |mul_7s_32s_39_1_1            |        0|   0|  0|  20|    0|
    |mul_7s_32s_39_1_1_U65           |mul_7s_32s_39_1_1            |        0|   0|  0|  20|    0|
    |mul_7s_32s_39_1_1_U66           |mul_7s_32s_39_1_1            |        0|   0|  0|  20|    0|
    |mul_7s_32s_39_1_1_U77           |mul_7s_32s_39_1_1            |        0|   0|  0|  20|    0|
    |mul_7s_32s_39_1_1_U78           |mul_7s_32s_39_1_1            |        0|   0|  0|  20|    0|
    |mul_7s_32s_39_1_1_U88           |mul_7s_32s_39_1_1            |        0|   0|  0|  20|    0|
    |mul_7s_32s_39_1_1_U91           |mul_7s_32s_39_1_1            |        0|   0|  0|  20|    0|
    |mul_7s_32s_39_1_1_U101          |mul_7s_32s_39_1_1            |        0|   0|  0|  20|    0|
    |mul_7s_32s_39_1_1_U115          |mul_7s_32s_39_1_1            |        0|   0|  0|  20|    0|
    |mul_8s_32s_39_1_1_U85           |mul_8s_32s_39_1_1            |        0|   0|  0|  20|    0|
    |mul_8s_32s_39_1_1_U105          |mul_8s_32s_39_1_1            |        0|   0|  0|  20|    0|
    |mul_8s_32s_39_1_1_U114          |mul_8s_32s_39_1_1            |        0|   0|  0|  20|    0|
    |mul_8s_32s_40_1_1_U3            |mul_8s_32s_40_1_1            |        0|   0|  0|  20|    0|
    |mul_8s_32s_40_1_1_U4            |mul_8s_32s_40_1_1            |        0|   0|  0|  20|    0|
    |mul_8s_32s_40_1_1_U5            |mul_8s_32s_40_1_1            |        0|   0|  0|  20|    0|
    |mul_8s_32s_40_1_1_U6            |mul_8s_32s_40_1_1            |        0|   0|  0|  20|    0|
    |mul_8s_32s_40_1_1_U7            |mul_8s_32s_40_1_1            |        0|   0|  0|  20|    0|
    |mul_8s_32s_40_1_1_U8            |mul_8s_32s_40_1_1            |        0|   0|  0|  20|    0|
    |mul_8s_32s_40_1_1_U10           |mul_8s_32s_40_1_1            |        0|   0|  0|  20|    0|
    |mul_8s_32s_40_1_1_U11           |mul_8s_32s_40_1_1            |        0|   0|  0|  20|    0|
    |mul_8s_32s_40_1_1_U12           |mul_8s_32s_40_1_1            |        0|   0|  0|  20|    0|
    |mul_8s_32s_40_1_1_U13           |mul_8s_32s_40_1_1            |        0|   0|  0|  20|    0|
    |mul_8s_32s_40_1_1_U14           |mul_8s_32s_40_1_1            |        0|   0|  0|  20|    0|
    |mul_8s_32s_40_1_1_U15           |mul_8s_32s_40_1_1            |        0|   0|  0|  20|    0|
    |mul_8s_32s_40_1_1_U16           |mul_8s_32s_40_1_1            |        0|   0|  0|  20|    0|
    |mul_8s_32s_40_1_1_U17           |mul_8s_32s_40_1_1            |        0|   0|  0|  20|    0|
    |mul_8s_32s_40_1_1_U18           |mul_8s_32s_40_1_1            |        0|   0|  0|  20|    0|
    |mul_8s_32s_40_1_1_U19           |mul_8s_32s_40_1_1            |        0|   0|  0|  20|    0|
    |mul_8s_32s_40_1_1_U20           |mul_8s_32s_40_1_1            |        0|   0|  0|  20|    0|
    |mul_8s_32s_40_1_1_U21           |mul_8s_32s_40_1_1            |        0|   0|  0|  20|    0|
    |mul_8s_32s_40_1_1_U22           |mul_8s_32s_40_1_1            |        0|   0|  0|  20|    0|
    |mul_8s_32s_40_1_1_U24           |mul_8s_32s_40_1_1            |        0|   0|  0|  20|    0|
    |mul_8s_32s_40_1_1_U25           |mul_8s_32s_40_1_1            |        0|   0|  0|  20|    0|
    |mul_8s_32s_40_1_1_U26           |mul_8s_32s_40_1_1            |        0|   0|  0|  20|    0|
    |mul_8s_32s_40_1_1_U28           |mul_8s_32s_40_1_1            |        0|   0|  0|  20|    0|
    |mul_8s_32s_40_1_1_U29           |mul_8s_32s_40_1_1            |        0|   0|  0|  20|    0|
    |mul_8s_32s_40_1_1_U30           |mul_8s_32s_40_1_1            |        0|   0|  0|  20|    0|
    |mul_8s_32s_40_1_1_U31           |mul_8s_32s_40_1_1            |        0|   0|  0|  20|    0|
    |mul_8s_32s_40_1_1_U32           |mul_8s_32s_40_1_1            |        0|   0|  0|  20|    0|
    |mul_8s_32s_40_1_1_U33           |mul_8s_32s_40_1_1            |        0|   0|  0|  20|    0|
    |mul_8s_32s_40_1_1_U34           |mul_8s_32s_40_1_1            |        0|   0|  0|  20|    0|
    |mul_8s_32s_40_1_1_U35           |mul_8s_32s_40_1_1            |        0|   0|  0|  20|    0|
    |mul_8s_32s_40_1_1_U37           |mul_8s_32s_40_1_1            |        0|   0|  0|  20|    0|
    |mul_8s_32s_40_1_1_U38           |mul_8s_32s_40_1_1            |        0|   0|  0|  20|    0|
    |mul_8s_32s_40_1_1_U39           |mul_8s_32s_40_1_1            |        0|   0|  0|  20|    0|
    |mul_8s_32s_40_1_1_U40           |mul_8s_32s_40_1_1            |        0|   0|  0|  20|    0|
    |mul_8s_32s_40_1_1_U41           |mul_8s_32s_40_1_1            |        0|   0|  0|  20|    0|
    |mul_8s_32s_40_1_1_U43           |mul_8s_32s_40_1_1            |        0|   0|  0|  20|    0|
    |mul_8s_32s_40_1_1_U44           |mul_8s_32s_40_1_1            |        0|   0|  0|  20|    0|
    |mul_8s_32s_40_1_1_U45           |mul_8s_32s_40_1_1            |        0|   0|  0|  20|    0|
    |mul_8s_32s_40_1_1_U46           |mul_8s_32s_40_1_1            |        0|   0|  0|  20|    0|
    |mul_8s_32s_40_1_1_U47           |mul_8s_32s_40_1_1            |        0|   0|  0|  20|    0|
    |mul_8s_32s_40_1_1_U49           |mul_8s_32s_40_1_1            |        0|   0|  0|  20|    0|
    |mul_8s_32s_40_1_1_U51           |mul_8s_32s_40_1_1            |        0|   0|  0|  20|    0|
    |mul_8s_32s_40_1_1_U53           |mul_8s_32s_40_1_1            |        0|   0|  0|  20|    0|
    |mul_8s_32s_40_1_1_U54           |mul_8s_32s_40_1_1            |        0|   0|  0|  20|    0|
    |mul_8s_32s_40_1_1_U55           |mul_8s_32s_40_1_1            |        0|   0|  0|  20|    0|
    |mul_8s_32s_40_1_1_U56           |mul_8s_32s_40_1_1            |        0|   0|  0|  20|    0|
    |mul_8s_32s_40_1_1_U57           |mul_8s_32s_40_1_1            |        0|   0|  0|  20|    0|
    |mul_8s_32s_40_1_1_U58           |mul_8s_32s_40_1_1            |        0|   0|  0|  20|    0|
    |mul_8s_32s_40_1_1_U59           |mul_8s_32s_40_1_1            |        0|   0|  0|  20|    0|
    |mul_8s_32s_40_1_1_U60           |mul_8s_32s_40_1_1            |        0|   0|  0|  20|    0|
    |mul_8s_32s_40_1_1_U61           |mul_8s_32s_40_1_1            |        0|   0|  0|  20|    0|
    |mul_8s_32s_40_1_1_U62           |mul_8s_32s_40_1_1            |        0|   0|  0|  20|    0|
    |mul_8s_32s_40_1_1_U63           |mul_8s_32s_40_1_1            |        0|   0|  0|  20|    0|
    |mul_8s_32s_40_1_1_U64           |mul_8s_32s_40_1_1            |        0|   0|  0|  20|    0|
    |mul_8s_32s_40_1_1_U67           |mul_8s_32s_40_1_1            |        0|   0|  0|  20|    0|
    |mul_8s_32s_40_1_1_U68           |mul_8s_32s_40_1_1            |        0|   0|  0|  20|    0|
    |mul_8s_32s_40_1_1_U73           |mul_8s_32s_40_1_1            |        0|   0|  0|  20|    0|
    |mul_8s_32s_40_1_1_U74           |mul_8s_32s_40_1_1            |        0|   0|  0|  20|    0|
    |mul_8s_32s_40_1_1_U75           |mul_8s_32s_40_1_1            |        0|   0|  0|  20|    0|
    |mul_8s_32s_40_1_1_U76           |mul_8s_32s_40_1_1            |        0|   0|  0|  20|    0|
    |mul_8s_32s_40_1_1_U79           |mul_8s_32s_40_1_1            |        0|   0|  0|  20|    0|
    |mul_8s_32s_40_1_1_U80           |mul_8s_32s_40_1_1            |        0|   0|  0|  20|    0|
    |mul_8s_32s_40_1_1_U81           |mul_8s_32s_40_1_1            |        0|   0|  0|  20|    0|
    |mul_8s_32s_40_1_1_U82           |mul_8s_32s_40_1_1            |        0|   0|  0|  20|    0|
    |mul_8s_32s_40_1_1_U84           |mul_8s_32s_40_1_1            |        0|   0|  0|  20|    0|
    |mul_8s_32s_40_1_1_U86           |mul_8s_32s_40_1_1            |        0|   0|  0|  20|    0|
    |mul_8s_32s_40_1_1_U87           |mul_8s_32s_40_1_1            |        0|   0|  0|  20|    0|
    |mul_8s_32s_40_1_1_U90           |mul_8s_32s_40_1_1            |        0|   0|  0|  20|    0|
    |mul_8s_32s_40_1_1_U92           |mul_8s_32s_40_1_1            |        0|   0|  0|  20|    0|
    |mul_8s_32s_40_1_1_U93           |mul_8s_32s_40_1_1            |        0|   0|  0|  20|    0|
    |mul_8s_32s_40_1_1_U94           |mul_8s_32s_40_1_1            |        0|   0|  0|  20|    0|
    |mul_8s_32s_40_1_1_U95           |mul_8s_32s_40_1_1            |        0|   0|  0|  20|    0|
    |mul_8s_32s_40_1_1_U96           |mul_8s_32s_40_1_1            |        0|   0|  0|  20|    0|
    |mul_8s_32s_40_1_1_U97           |mul_8s_32s_40_1_1            |        0|   0|  0|  20|    0|
    |mul_8s_32s_40_1_1_U98           |mul_8s_32s_40_1_1            |        0|   0|  0|  20|    0|
    |mul_8s_32s_40_1_1_U99           |mul_8s_32s_40_1_1            |        0|   0|  0|  20|    0|
    |mul_8s_32s_40_1_1_U100          |mul_8s_32s_40_1_1            |        0|   0|  0|  20|    0|
    |mul_8s_32s_40_1_1_U102          |mul_8s_32s_40_1_1            |        0|   0|  0|  20|    0|
    |mul_8s_32s_40_1_1_U104          |mul_8s_32s_40_1_1            |        0|   0|  0|  20|    0|
    |mul_8s_32s_40_1_1_U106          |mul_8s_32s_40_1_1            |        0|   0|  0|  20|    0|
    |mul_8s_32s_40_1_1_U108          |mul_8s_32s_40_1_1            |        0|   0|  0|  20|    0|
    |mul_8s_32s_40_1_1_U110          |mul_8s_32s_40_1_1            |        0|   0|  0|  20|    0|
    |mul_8s_32s_40_1_1_U111          |mul_8s_32s_40_1_1            |        0|   0|  0|  20|    0|
    |mul_8s_32s_40_1_1_U112          |mul_8s_32s_40_1_1            |        0|   0|  0|  20|    0|
    |mul_8s_32s_40_1_1_U113          |mul_8s_32s_40_1_1            |        0|   0|  0|  20|    0|
    |mul_8s_32s_40_1_1_U116          |mul_8s_32s_40_1_1            |        0|   0|  0|  20|    0|
    |mul_8s_32s_40_1_1_U117          |mul_8s_32s_40_1_1            |        0|   0|  0|  20|    0|
    |mul_8s_32s_40_1_1_U118          |mul_8s_32s_40_1_1            |        0|   0|  0|  20|    0|
    |mul_8s_32s_40_1_1_U120          |mul_8s_32s_40_1_1            |        0|   0|  0|  20|    0|
    |mul_8s_32s_40_1_1_U121          |mul_8s_32s_40_1_1            |        0|   0|  0|  20|    0|
    |mul_8s_32s_40_1_1_U122          |mul_8s_32s_40_1_1            |        0|   0|  0|  20|    0|
    |mul_8s_32s_40_1_1_U124          |mul_8s_32s_40_1_1            |        0|   0|  0|  20|    0|
    |mul_8s_32s_40_1_1_U125          |mul_8s_32s_40_1_1            |        0|   0|  0|  20|    0|
    |mul_8s_32s_40_1_1_U126          |mul_8s_32s_40_1_1            |        0|   0|  0|  20|    0|
    |mul_9s_32s_39_1_1_U27           |mul_9s_32s_39_1_1            |        0|   0|  0|  20|    0|
    |mul_9s_32s_40_1_1_U42           |mul_9s_32s_40_1_1            |        0|   0|  0|  20|    0|
    |mul_9s_32s_40_1_1_U52           |mul_9s_32s_40_1_1            |        0|   0|  0|  20|    0|
    |mul_9s_32s_40_1_1_U83           |mul_9s_32s_40_1_1            |        0|   0|  0|  20|    0|
    |mul_9s_32s_40_1_1_U89           |mul_9s_32s_40_1_1            |        0|   0|  0|  20|    0|
    |mul_9s_32s_40_1_1_U107          |mul_9s_32s_40_1_1            |        0|   0|  0|  20|    0|
    |mul_9s_32s_40_1_1_U109          |mul_9s_32s_40_1_1            |        0|   0|  0|  20|    0|
    |mul_9s_32s_40_1_1_U119          |mul_9s_32s_40_1_1            |        0|   0|  0|  20|    0|
    +--------------------------------+-----------------------------+---------+----+---+----+-----+
    |Total                           |                             |        0|   0|  0|2500|    0|
    +--------------------------------+-----------------------------+---------+----+---+----+-----+

    * DSP: 
    N/A

    * Memory: 
    +----------------------------+--------------------------+---------+---+----+-----+------+-----+------+-------------+
    |           Memory           |          Module          | BRAM_18K| FF| LUT| URAM| Words| Bits| Banks| W*Bits*Banks|
    +----------------------------+--------------------------+---------+---+----+-----+------+-----+------+-------------+
    |fp_input_img_V_U            |fp_input_img_V            |        1|  0|   0|    0|   100|   32|     1|         3200|
    |layer2_weights_V_0_U        |layer2_weights_V_0        |        0|  8|   8|    0|    64|    8|     1|          512|
    |layer2_weights_V_1_U        |layer2_weights_V_1        |        0|  8|   8|    0|    64|    8|     1|          512|
    |layer2_weights_V_10_U       |layer2_weights_V_10       |        0|  8|   8|    0|    64|    8|     1|          512|
    |layer2_weights_V_11_U       |layer2_weights_V_11       |        0|  8|   8|    0|    64|    8|     1|          512|
    |layer2_weights_V_12_U       |layer2_weights_V_12       |        0|  8|   8|    0|    64|    8|     1|          512|
    |layer2_weights_V_13_U       |layer2_weights_V_13       |        0|  8|   8|    0|    64|    8|     1|          512|
    |layer2_weights_V_14_U       |layer2_weights_V_14       |        0|  8|   8|    0|    64|    8|     1|          512|
    |layer2_weights_V_15_U       |layer2_weights_V_15       |        0|  8|   8|    0|    64|    8|     1|          512|
    |layer2_weights_V_16_U       |layer2_weights_V_16       |        0|  8|   8|    0|    64|    8|     1|          512|
    |layer2_weights_V_17_U       |layer2_weights_V_17       |        0|  8|   8|    0|    64|    8|     1|          512|
    |layer2_weights_V_18_U       |layer2_weights_V_18       |        0|  7|   7|    0|    64|    7|     1|          448|
    |layer2_weights_V_19_U       |layer2_weights_V_19       |        0|  8|   8|    0|    64|    8|     1|          512|
    |layer2_weights_V_2_U        |layer2_weights_V_2        |        0|  8|   8|    0|    64|    8|     1|          512|
    |layer2_weights_V_20_U       |layer2_weights_V_20       |        0|  8|   8|    0|    64|    8|     1|          512|
    |layer2_weights_V_21_U       |layer2_weights_V_21       |        0|  8|   8|    0|    64|    8|     1|          512|
    |layer2_weights_V_22_U       |layer2_weights_V_22       |        0|  9|   9|    0|    64|    9|     1|          576|
    |layer2_weights_V_23_U       |layer2_weights_V_23       |        0|  8|   8|    0|    64|    8|     1|          512|
    |layer2_weights_V_24_U       |layer2_weights_V_24       |        0|  8|   8|    0|    64|    8|     1|          512|
    |layer2_weights_V_25_U       |layer2_weights_V_25       |        0|  8|   8|    0|    64|    8|     1|          512|
    |layer2_weights_V_26_U       |layer2_weights_V_26       |        0|  8|   8|    0|    64|    8|     1|          512|
    |layer2_weights_V_27_U       |layer2_weights_V_27       |        0|  8|   8|    0|    64|    8|     1|          512|
    |layer2_weights_V_28_U       |layer2_weights_V_28       |        0|  8|   8|    0|    64|    8|     1|          512|
    |layer2_weights_V_29_U       |layer2_weights_V_29       |        0|  8|   8|    0|    64|    8|     1|          512|
    |layer2_weights_V_3_U        |layer2_weights_V_3        |        0|  8|   8|    0|    64|    8|     1|          512|
    |layer2_weights_V_30_U       |layer2_weights_V_30       |        0|  8|   8|    0|    64|    8|     1|          512|
    |layer2_weights_V_31_U       |layer2_weights_V_31       |        0|  7|   7|    0|    64|    7|     1|          448|
    |layer2_weights_V_32_U       |layer2_weights_V_32       |        0|  8|   8|    0|    64|    8|     1|          512|
    |layer2_weights_V_33_U       |layer2_weights_V_33       |        0|  8|   8|    0|    64|    8|     1|          512|
    |layer2_weights_V_34_U       |layer2_weights_V_34       |        0|  8|   8|    0|    64|    8|     1|          512|
    |layer2_weights_V_35_U       |layer2_weights_V_35       |        0|  8|   8|    0|    64|    8|     1|          512|
    |layer2_weights_V_36_U       |layer2_weights_V_36       |        0|  8|   8|    0|    64|    8|     1|          512|
    |layer2_weights_V_37_U       |layer2_weights_V_37       |        0|  9|   9|    0|    64|    9|     1|          576|
    |layer2_weights_V_38_U       |layer2_weights_V_38       |        0|  8|   8|    0|    64|    8|     1|          512|
    |layer2_weights_V_39_U       |layer2_weights_V_39       |        0|  8|   8|    0|    64|    8|     1|          512|
    |layer2_weights_V_4_U        |layer2_weights_V_4        |        0|  7|   7|    0|    64|    7|     1|          448|
    |layer2_weights_V_40_U       |layer2_weights_V_40       |        0|  8|   8|    0|    64|    8|     1|          512|
    |layer2_weights_V_41_U       |layer2_weights_V_41       |        0|  8|   8|    0|    64|    8|     1|          512|
    |layer2_weights_V_42_U       |layer2_weights_V_42       |        0|  8|   8|    0|    64|    8|     1|          512|
    |layer2_weights_V_43_U       |layer2_weights_V_43       |        0|  7|   7|    0|    64|    7|     1|          448|
    |layer2_weights_V_44_U       |layer2_weights_V_44       |        0|  8|   8|    0|    64|    8|     1|          512|
    |layer2_weights_V_45_U       |layer2_weights_V_45       |        0|  7|   7|    0|    64|    7|     1|          448|
    |layer2_weights_V_46_U       |layer2_weights_V_46       |        0|  8|   8|    0|    64|    8|     1|          512|
    |layer2_weights_V_47_U       |layer2_weights_V_47       |        0|  9|   9|    0|    64|    9|     1|          576|
    |layer2_weights_V_48_U       |layer2_weights_V_48       |        0|  8|   8|    0|    64|    8|     1|          512|
    |layer2_weights_V_49_U       |layer2_weights_V_49       |        0|  8|   8|    0|    64|    8|     1|          512|
    |layer2_weights_V_5_U        |layer2_weights_V_5        |        0|  8|   8|    0|    64|    8|     1|          512|
    |layer2_weights_V_50_U       |layer2_weights_V_50       |        0|  8|   8|    0|    64|    8|     1|          512|
    |layer2_weights_V_51_U       |layer2_weights_V_51       |        0|  8|   8|    0|    64|    8|     1|          512|
    |layer2_weights_V_52_U       |layer2_weights_V_52       |        0|  8|   8|    0|    64|    8|     1|          512|
    |layer2_weights_V_53_U       |layer2_weights_V_53       |        0|  8|   8|    0|    64|    8|     1|          512|
    |layer2_weights_V_54_U       |layer2_weights_V_54       |        0|  8|   8|    0|    64|    8|     1|          512|
    |layer2_weights_V_55_U       |layer2_weights_V_55       |        0|  8|   8|    0|    64|    8|     1|          512|
    |layer2_weights_V_56_U       |layer2_weights_V_56       |        0|  8|   8|    0|    64|    8|     1|          512|
    |layer2_weights_V_57_U       |layer2_weights_V_57       |        0|  8|   8|    0|    64|    8|     1|          512|
    |layer2_weights_V_58_U       |layer2_weights_V_58       |        0|  8|   8|    0|    64|    8|     1|          512|
    |layer2_weights_V_59_U       |layer2_weights_V_59       |        0|  8|   8|    0|    64|    8|     1|          512|
    |layer2_weights_V_6_U        |layer2_weights_V_6        |        0|  8|   8|    0|    64|    8|     1|          512|
    |layer2_weights_V_60_U       |layer2_weights_V_60       |        0|  7|   7|    0|    64|    7|     1|          448|
    |layer2_weights_V_61_U       |layer2_weights_V_61       |        0|  7|   7|    0|    64|    7|     1|          448|
    |layer2_weights_V_62_U       |layer2_weights_V_62       |        0|  8|   8|    0|    64|    8|     1|          512|
    |layer2_weights_V_63_U       |layer2_weights_V_63       |        0|  8|   8|    0|    64|    8|     1|          512|
    |layer2_weights_V_7_U        |layer2_weights_V_7        |        0|  8|   8|    0|    64|    8|     1|          512|
    |layer2_weights_V_8_U        |layer2_weights_V_8        |        0|  8|   8|    0|    64|    8|     1|          512|
    |layer2_weights_V_9_U        |layer2_weights_V_9        |        0|  8|   8|    0|    64|    8|     1|          512|
    |temp_output_0_V_U           |temp_output_0_V           |        2|  0|   0|    0|    64|   32|     1|         2048|
    |temp_output2_0_V_U          |temp_output_0_V           |        2|  0|   0|    0|    64|   32|     1|         2048|
    |weights_layer1_weights_V_U  |weights_layer1_weights_V  |        4|  0|   0|    0|  6400|    8|     1|        51200|
    +----------------------------+--------------------------+---------+---+----+-----+------+-----+------+-------------+
    |Total                       |                          |        9|508| 508|    0| 10724|  612|    68|        91008|
    +----------------------------+--------------------------+---------+---+----+-----+------+-----+------+-------------+

    * FIFO: 
    N/A

    * Expression: 
    +---------------------------------+----------+----+---+-----+------------+------------+
    |          Variable Name          | Operation| DSP| FF| LUT | Bitwidth P0| Bitwidth P1|
    +---------------------------------+----------+----+---+-----+------------+------------+
    |add_ln109_fu_8992_p2             |         +|   0|  0|    9|           2|           1|
    |add_ln1118_1_fu_6519_p2          |         +|   0|  0|   46|          39|          39|
    |add_ln1118_2_fu_3165_p2          |         +|   0|  0|   20|          13|          13|
    |add_ln1118_fu_6302_p2            |         +|   0|  0|   45|          38|          38|
    |add_ln1192_100_fu_7991_p2        |         +|   0|  0|   47|          40|          40|
    |add_ln1192_101_fu_8024_p2        |         +|   0|  0|   47|          40|          40|
    |add_ln1192_102_fu_8064_p2        |         +|   0|  0|   47|          40|          40|
    |add_ln1192_103_fu_8100_p2        |         +|   0|  0|   47|          40|          40|
    |add_ln1192_104_fu_8150_p2        |         +|   0|  0|   47|          40|          40|
    |add_ln1192_105_fu_8174_p2        |         +|   0|  0|   47|          40|          40|
    |add_ln1192_106_fu_8206_p2        |         +|   0|  0|   47|          40|          40|
    |add_ln1192_107_fu_8242_p2        |         +|   0|  0|   47|          40|          40|
    |add_ln1192_108_fu_8278_p2        |         +|   0|  0|   47|          40|          40|
    |add_ln1192_109_fu_8337_p2        |         +|   0|  0|   47|          40|          40|
    |add_ln1192_10_fu_4161_p2         |         +|   0|  0|   47|          40|          40|
    |add_ln1192_110_fu_8360_p2        |         +|   0|  0|   47|          40|          40|
    |add_ln1192_111_fu_8383_p2        |         +|   0|  0|   47|          40|          40|
    |add_ln1192_112_fu_8418_p2        |         +|   0|  0|   47|          40|          40|
    |add_ln1192_113_fu_8454_p2        |         +|   0|  0|   47|          40|          40|
    |add_ln1192_114_fu_8516_p2        |         +|   0|  0|   47|          40|          40|
    |add_ln1192_115_fu_8543_p2        |         +|   0|  0|   47|          40|          40|
    |add_ln1192_116_fu_8567_p2        |         +|   0|  0|   47|          40|          40|
    |add_ln1192_117_fu_8602_p2        |         +|   0|  0|   47|          40|          40|
    |add_ln1192_118_fu_8638_p2        |         +|   0|  0|   47|          40|          40|
    |add_ln1192_119_fu_8685_p2        |         +|   0|  0|   47|          40|          40|
    |add_ln1192_11_fu_4194_p2         |         +|   0|  0|   47|          40|          40|
    |add_ln1192_120_fu_8708_p2        |         +|   0|  0|   47|          40|          40|
    |add_ln1192_121_fu_8743_p2        |         +|   0|  0|   47|          40|          40|
    |add_ln1192_122_fu_8779_p2        |         +|   0|  0|   47|          40|          40|
    |add_ln1192_123_fu_8853_p2        |         +|   0|  0|   47|          40|          40|
    |add_ln1192_124_fu_8877_p2        |         +|   0|  0|   47|          40|          40|
    |add_ln1192_125_fu_8900_p2        |         +|   0|  0|   47|          40|          40|
    |add_ln1192_126_fu_8923_p2        |         +|   0|  0|   47|          40|          40|
    |add_ln1192_127_fu_8962_p2        |         +|   0|  0|   47|          40|          40|
    |add_ln1192_12_fu_4244_p2         |         +|   0|  0|   47|          40|          40|
    |add_ln1192_13_fu_4267_p2         |         +|   0|  0|   47|          40|          40|
    |add_ln1192_14_fu_4290_p2         |         +|   0|  0|   47|          40|          40|
    |add_ln1192_15_fu_4322_p2         |         +|   0|  0|   47|          40|          40|
    |add_ln1192_16_fu_4355_p2         |         +|   0|  0|   47|          40|          40|
    |add_ln1192_17_fu_4408_p2         |         +|   0|  0|   47|          40|          40|
    |add_ln1192_18_fu_4432_p2         |         +|   0|  0|   47|          40|          40|
    |add_ln1192_19_fu_4455_p2         |         +|   0|  0|   47|          40|          40|
    |add_ln1192_1_fu_3868_p2          |         +|   0|  0|   47|          40|          40|
    |add_ln1192_20_fu_4487_p2         |         +|   0|  0|   47|          40|          40|
    |add_ln1192_21_fu_4524_p2         |         +|   0|  0|   47|          40|          40|
    |add_ln1192_22_fu_4574_p2         |         +|   0|  0|   47|          40|          40|
    |add_ln1192_23_fu_4597_p2         |         +|   0|  0|   47|          40|          40|
    |add_ln1192_24_fu_4620_p2         |         +|   0|  0|   47|          40|          40|
    |add_ln1192_25_fu_4652_p2         |         +|   0|  0|   47|          40|          40|
    |add_ln1192_26_fu_4685_p2         |         +|   0|  0|   47|          40|          40|
    |add_ln1192_27_fu_4735_p2         |         +|   0|  0|   47|          40|          40|
    |add_ln1192_28_fu_4758_p2         |         +|   0|  0|   47|          40|          40|
    |add_ln1192_29_fu_4781_p2         |         +|   0|  0|   47|          40|          40|
    |add_ln1192_2_fu_3918_p2          |         +|   0|  0|   47|          40|          40|
    |add_ln1192_30_fu_4817_p2         |         +|   0|  0|   47|          40|          40|
    |add_ln1192_31_fu_4850_p2         |         +|   0|  0|   47|          40|          40|
    |add_ln1192_32_fu_4900_p2         |         +|   0|  0|   47|          40|          40|
    |add_ln1192_33_fu_4923_p2         |         +|   0|  0|   47|          40|          40|
    |add_ln1192_34_fu_4946_p2         |         +|   0|  0|   47|          40|          40|
    |add_ln1192_35_fu_4978_p2         |         +|   0|  0|   47|          40|          40|
    |add_ln1192_36_fu_5011_p2         |         +|   0|  0|   47|          40|          40|
    |add_ln1192_37_fu_5061_p2         |         +|   0|  0|   47|          40|          40|
    |add_ln1192_38_fu_5084_p2         |         +|   0|  0|   47|          40|          40|
    |add_ln1192_39_fu_5107_p2         |         +|   0|  0|   47|          40|          40|
    |add_ln1192_3_fu_3944_p2          |         +|   0|  0|   47|          40|          40|
    |add_ln1192_40_fu_5139_p2         |         +|   0|  0|   47|          40|          40|
    |add_ln1192_41_fu_5172_p2         |         +|   0|  0|   47|          40|          40|
    |add_ln1192_42_fu_5225_p2         |         +|   0|  0|   47|          40|          40|
    |add_ln1192_43_fu_5249_p2         |         +|   0|  0|   47|          40|          40|
    |add_ln1192_44_fu_5275_p2         |         +|   0|  0|   47|          40|          40|
    |add_ln1192_45_fu_5308_p2         |         +|   0|  0|   47|          40|          40|
    |add_ln1192_46_fu_5341_p2         |         +|   0|  0|   47|          40|          40|
    |add_ln1192_47_fu_5391_p2         |         +|   0|  0|   47|          40|          40|
    |add_ln1192_48_fu_5414_p2         |         +|   0|  0|   47|          40|          40|
    |add_ln1192_49_fu_5437_p2         |         +|   0|  0|   47|          40|          40|
    |add_ln1192_4_fu_3968_p2          |         +|   0|  0|   47|          40|          40|
    |add_ln1192_50_fu_5469_p2         |         +|   0|  0|   47|          40|          40|
    |add_ln1192_51_fu_5502_p2         |         +|   0|  0|   47|          40|          40|
    |add_ln1192_52_fu_5552_p2         |         +|   0|  0|   47|          40|          40|
    |add_ln1192_53_fu_5575_p2         |         +|   0|  0|   47|          40|          40|
    |add_ln1192_54_fu_5598_p2         |         +|   0|  0|   47|          40|          40|
    |add_ln1192_55_fu_5630_p2         |         +|   0|  0|   47|          40|          40|
    |add_ln1192_56_fu_5663_p2         |         +|   0|  0|   47|          40|          40|
    |add_ln1192_57_fu_5713_p2         |         +|   0|  0|   47|          40|          40|
    |add_ln1192_58_fu_5736_p2         |         +|   0|  0|   47|          40|          40|
    |add_ln1192_59_fu_5762_p2         |         +|   0|  0|   47|          40|          40|
    |add_ln1192_5_fu_4000_p2          |         +|   0|  0|   47|          40|          40|
    |add_ln1192_60_fu_5799_p2         |         +|   0|  0|   47|          40|          40|
    |add_ln1192_61_fu_5832_p2         |         +|   0|  0|   47|          40|          40|
    |add_ln1192_62_fu_5864_p2         |         +|   0|  0|   47|          40|          40|
    |add_ln1192_65_fu_6753_p2         |         +|   0|  0|   47|          40|          40|
    |add_ln1192_66_fu_6790_p2         |         +|   0|  0|   47|          40|          40|
    |add_ln1192_67_fu_6839_p2         |         +|   0|  0|   47|          40|          40|
    |add_ln1192_68_fu_6865_p2         |         +|   0|  0|   47|          40|          40|
    |add_ln1192_69_fu_6905_p2         |         +|   0|  0|   47|          40|          40|
    |add_ln1192_6_fu_4033_p2          |         +|   0|  0|   47|          40|          40|
    |add_ln1192_70_fu_6941_p2         |         +|   0|  0|   47|          40|          40|
    |add_ln1192_71_fu_6988_p2         |         +|   0|  0|   47|          40|          40|
    |add_ln1192_72_fu_7016_p2         |         +|   0|  0|   47|          40|          40|
    |add_ln1192_73_fu_7040_p2         |         +|   0|  0|   47|          40|          40|
    |add_ln1192_74_fu_7075_p2         |         +|   0|  0|   47|          40|          40|
    |add_ln1192_75_fu_7111_p2         |         +|   0|  0|   47|          40|          40|
    |add_ln1192_76_fu_7158_p2         |         +|   0|  0|   47|          40|          40|
    |add_ln1192_77_fu_7190_p2         |         +|   0|  0|   47|          40|          40|
    |add_ln1192_78_fu_7217_p2         |         +|   0|  0|   47|          40|          40|
    |add_ln1192_79_fu_7253_p2         |         +|   0|  0|   47|          40|          40|
    |add_ln1192_7_fu_4083_p2          |         +|   0|  0|   47|          40|          40|
    |add_ln1192_80_fu_7289_p2         |         +|   0|  0|   47|          40|          40|
    |add_ln1192_81_fu_7351_p2         |         +|   0|  0|   47|          40|          40|
    |add_ln1192_82_fu_7375_p2         |         +|   0|  0|   47|          40|          40|
    |add_ln1192_83_fu_7398_p2         |         +|   0|  0|   47|          40|          40|
    |add_ln1192_84_fu_7437_p2         |         +|   0|  0|   47|          40|          40|
    |add_ln1192_85_fu_7473_p2         |         +|   0|  0|   47|          40|          40|
    |add_ln1192_86_fu_7532_p2         |         +|   0|  0|   47|          40|          40|
    |add_ln1192_87_fu_7555_p2         |         +|   0|  0|   47|          40|          40|
    |add_ln1192_88_fu_7578_p2         |         +|   0|  0|   47|          40|          40|
    |add_ln1192_89_fu_7610_p2         |         +|   0|  0|   47|          40|          40|
    |add_ln1192_8_fu_4106_p2          |         +|   0|  0|   47|          40|          40|
    |add_ln1192_90_fu_7643_p2         |         +|   0|  0|   47|          40|          40|
    |add_ln1192_91_fu_7678_p2         |         +|   0|  0|   47|          40|          40|
    |add_ln1192_92_fu_7713_p2         |         +|   0|  0|   47|          40|          40|
    |add_ln1192_93_fu_7749_p2         |         +|   0|  0|   47|          40|          40|
    |add_ln1192_94_fu_7796_p2         |         +|   0|  0|   47|          40|          40|
    |add_ln1192_95_fu_7828_p2         |         +|   0|  0|   47|          40|          40|
    |add_ln1192_96_fu_7852_p2         |         +|   0|  0|   47|          40|          40|
    |add_ln1192_97_fu_7891_p2         |         +|   0|  0|   47|          40|          40|
    |add_ln1192_98_fu_7924_p2         |         +|   0|  0|   47|          40|          40|
    |add_ln1192_99_fu_7959_p2         |         +|   0|  0|   47|          40|          40|
    |add_ln1192_9_fu_4129_p2          |         +|   0|  0|   47|          40|          40|
    |add_ln1192_fu_3835_p2            |         +|   0|  0|   47|          40|          40|
    |add_ln21_fu_3087_p2              |         +|   0|  0|   14|           7|           1|
    |add_ln25_fu_3113_p2              |         +|   0|  0|   14|           7|           2|
    |add_ln40_fu_3777_p2              |         +|   0|  0|   14|           7|           1|
    |add_ln581_fu_2896_p2             |         +|   0|  0|   19|          12|           5|
    |add_ln59_fu_6693_p2              |         +|   0|  0|    9|           2|           1|
    |add_ln5_fu_2799_p2               |         +|   0|  0|   14|           7|           1|
    |add_ln77_fu_3248_p2              |         +|   0|  0|   14|           7|           1|
    |add_ln908_1_fu_6052_p2           |         +|   0|  0|   39|          32|           7|
    |add_ln908_fu_3419_p2             |         +|   0|  0|   39|          32|           7|
    |add_ln915_1_fu_6154_p2           |         +|   0|  0|   38|          11|          11|
    |add_ln915_fu_3521_p2             |         +|   0|  0|   38|          11|          11|
    |add_ln92_fu_5881_p2              |         +|   0|  0|   14|           7|           1|
    |lsb_index_1_fu_5950_p2           |         +|   0|  0|   39|          32|           7|
    |lsb_index_fu_3317_p2             |         +|   0|  0|   39|          32|           7|
    |m_3_fu_3480_p2                   |         +|   0|  0|   71|          64|          64|
    |m_5_fu_6113_p2                   |         +|   0|  0|   71|          64|          64|
    |ret_V_1_fu_3232_p2               |         +|   0|  0|   47|          40|          40|
    |ret_V_3_fu_9078_p2               |         +|   0|  0|   31|          24|           1|
    |ret_V_fu_3195_p2                 |         +|   0|  0|   47|          40|          40|
    |F2_fu_2861_p2                    |         -|   0|  0|   19|          11|          12|
    |man_V_1_fu_2878_p2               |         -|   0|  0|   61|           1|          54|
    |sub_ln1118_1_fu_6308_p2          |         -|   0|  0|   38|           1|          38|
    |sub_ln1118_2_fu_6325_p2          |         -|   0|  0|   38|          38|          38|
    |sub_ln1118_3_fu_6378_p2          |         -|   0|  0|   46|          39|          39|
    |sub_ln1118_4_fu_6406_p2          |         -|   0|  0|   45|          38|          38|
    |sub_ln1118_5_fu_6436_p2          |         -|   0|  0|   44|           1|          37|
    |sub_ln1118_6_fu_6487_p2          |         -|   0|  0|   43|          36|          36|
    |sub_ln1118_7_fu_6542_p2          |         -|   0|  0|   41|           1|          34|
    |sub_ln1118_8_fu_6580_p2          |         -|   0|  0|   46|          39|          39|
    |sub_ln1118_9_fu_6622_p2          |         -|   0|  0|   46|           1|          39|
    |sub_ln1118_fu_6262_p2            |         -|   0|  0|   47|          40|          40|
    |sub_ln581_fu_2901_p2             |         -|   0|  0|   19|           4|          12|
    |sub_ln894_1_fu_5944_p2           |         -|   0|  0|   39|           6|          32|
    |sub_ln894_fu_3311_p2             |         -|   0|  0|   39|           6|          32|
    |sub_ln897_1_fu_5976_p2           |         -|   0|  0|   13|           5|           6|
    |sub_ln897_fu_3343_p2             |         -|   0|  0|   13|           5|           6|
    |sub_ln909_1_fu_6064_p2           |         -|   0|  0|   39|           6|          32|
    |sub_ln909_fu_3431_p2             |         -|   0|  0|   39|           6|          32|
    |sub_ln915_1_fu_6149_p2           |         -|   0|  0|   38|           5|          11|
    |sub_ln915_fu_3516_p2             |         -|   0|  0|   38|           5|          11|
    |tmp_V_2_fu_5912_p2               |         -|   0|  0|   39|           1|          32|
    |tmp_V_fu_3279_p2                 |         -|   0|  0|   39|           1|          32|
    |and_ln1506_1_fu_6210_p2          |       and|   0|  0|    2|           1|           1|
    |and_ln1506_fu_3577_p2            |       and|   0|  0|    2|           1|           1|
    |and_ln581_fu_3000_p2             |       and|   0|  0|    2|           1|           1|
    |and_ln582_fu_2983_p2             |       and|   0|  0|    2|           1|           1|
    |and_ln585_fu_3012_p2             |       and|   0|  0|    2|           1|           1|
    |and_ln603_fu_3030_p2             |       and|   0|  0|    2|           1|           1|
    |and_ln899_1_fu_3425_p2           |       and|   0|  0|    2|           1|           1|
    |and_ln899_2_fu_6004_p2           |       and|   0|  0|   32|          32|          32|
    |and_ln899_3_fu_6058_p2           |       and|   0|  0|    2|           1|           1|
    |and_ln899_fu_3371_p2             |       and|   0|  0|   32|          32|          32|
    |ashr_ln586_fu_2947_p2            |      ashr|   0|  0|  159|          54|          54|
    |icmp_ln109_fu_8998_p2            |      icmp|   0|  0|    8|           2|           3|
    |icmp_ln1494_fu_9016_p2           |      icmp|   0|  0|   20|          32|          32|
    |icmp_ln1506_1_fu_3567_p2         |      icmp|   0|  0|   24|          52|           1|
    |icmp_ln1506_2_fu_6194_p2         |      icmp|   0|  0|   11|          11|           2|
    |icmp_ln1506_3_fu_6200_p2         |      icmp|   0|  0|   24|          52|           1|
    |icmp_ln1506_fu_3561_p2           |      icmp|   0|  0|   11|          11|           2|
    |icmp_ln21_fu_3093_p2             |      icmp|   0|  0|   11|           7|           8|
    |icmp_ln25_fu_3107_p2             |      icmp|   0|  0|   10|           7|           6|
    |icmp_ln40_fu_3783_p2             |      icmp|   0|  0|   11|           7|           8|
    |icmp_ln571_fu_2855_p2            |      icmp|   0|  0|   28|          63|           1|
    |icmp_ln581_fu_2891_p2            |      icmp|   0|  0|   12|          12|           4|
    |icmp_ln582_fu_2918_p2            |      icmp|   0|  0|   12|          12|           4|
    |icmp_ln585_fu_3006_p2            |      icmp|   0|  0|   12|          12|           6|
    |icmp_ln59_fu_6699_p2             |      icmp|   0|  0|    8|           2|           3|
    |icmp_ln5_fu_2805_p2              |      icmp|   0|  0|   10|           7|           6|
    |icmp_ln603_fu_2937_p2            |      icmp|   0|  0|   10|           7|           1|
    |icmp_ln77_fu_3254_p2             |      icmp|   0|  0|   11|           7|           8|
    |icmp_ln851_fu_9072_p2            |      icmp|   0|  0|   11|           8|           1|
    |icmp_ln885_1_fu_5898_p2          |      icmp|   0|  0|   20|          32|           1|
    |icmp_ln885_fu_3265_p2            |      icmp|   0|  0|   20|          32|           1|
    |icmp_ln896_1_fu_5966_p2          |      icmp|   0|  0|   19|          31|           1|
    |icmp_ln896_fu_3333_p2            |      icmp|   0|  0|   19|          31|           1|
    |icmp_ln899_1_fu_6010_p2          |      icmp|   0|  0|   20|          32|           1|
    |icmp_ln899_fu_3377_p2            |      icmp|   0|  0|   20|          32|           1|
    |icmp_ln908_1_fu_6038_p2          |      icmp|   0|  0|   20|          32|           1|
    |icmp_ln908_fu_3405_p2            |      icmp|   0|  0|   20|          32|           1|
    |icmp_ln92_fu_5887_p2             |      icmp|   0|  0|   11|           7|           8|
    |lshr_ln897_1_fu_5986_p2          |      lshr|   0|  0|  100|           2|          32|
    |lshr_ln897_fu_3353_p2            |      lshr|   0|  0|  100|           2|          32|
    |lshr_ln908_1_fu_6088_p2          |      lshr|   0|  0|  179|          64|          64|
    |lshr_ln908_fu_3455_p2            |      lshr|   0|  0|  179|          64|          64|
    |or_ln1506_1_fu_6206_p2           |        or|   0|  0|    2|           1|           1|
    |or_ln1506_fu_3573_p2             |        or|   0|  0|    2|           1|           1|
    |or_ln25_fu_3147_p2               |        or|   0|  0|    7|           7|           1|
    |or_ln571_1_fu_3072_p2            |        or|   0|  0|    2|           1|           1|
    |or_ln571_fu_3043_p2              |        or|   0|  0|    2|           1|           1|
    |or_ln581_fu_3018_p2              |        or|   0|  0|    2|           1|           1|
    |or_ln582_fu_2989_p2              |        or|   0|  0|    2|           1|           1|
    |or_ln899_2_fu_3365_p2            |        or|   0|  0|   32|          32|          32|
    |or_ln899_fu_5998_p2              |        or|   0|  0|   32|          32|          32|
    |m_2_fu_3470_p3                   |    select|   0|  0|   56|           1|          64|
    |m_4_fu_6103_p3                   |    select|   0|  0|   56|           1|          64|
    |man_V_2_fu_2884_p3               |    select|   0|  0|   53|           1|          54|
    |max_idx_V_1_fu_9042_p3           |    select|   0|  0|   32|           1|          32|
    |max_val_V_1_fu_9022_p3           |    select|   0|  0|   32|           1|          32|
    |mul_ln1118_10_fu_6717_p00        |    select|   0|  0|    8|           1|           7|
    |mul_ln1118_11_fu_6827_p00        |    select|   0|  0|    6|           1|           5|
    |mul_ln1118_12_fu_6878_p00        |    select|   0|  0|    6|           1|           6|
    |mul_ln1118_13_fu_7146_p00        |    select|   0|  0|    7|           1|           7|
    |mul_ln1118_14_fu_7302_p00        |    select|   0|  0|    7|           1|           7|
    |mul_ln1118_15_fu_7410_p00        |    select|   0|  0|    7|           1|           7|
    |mul_ln1118_16_fu_7864_p00        |    select|   0|  0|    7|           1|           6|
    |mul_ln1118_17_fu_8037_p00        |    select|   0|  0|    6|           1|           6|
    |mul_ln1118_18_fu_8113_p00        |    select|   0|  0|    7|           1|           5|
    |mul_ln1118_19_fu_8467_p00        |    select|   0|  0|    7|           1|           5|
    |mul_ln1118_20_fu_8489_p00        |    select|   0|  0|    7|           1|           6|
    |mul_ln1118_21_fu_8792_p00        |    select|   0|  0|    6|           1|           6|
    |mul_ln1118_22_fu_8935_p00        |    select|   0|  0|    6|           1|           5|
    |mul_ln1192_3_fu_7088_p00         |    select|   0|  0|    8|           1|           8|
    |mul_ln1192_4_fu_7324_p00         |    select|   0|  0|    8|           1|           8|
    |mul_ln1192_5_fu_8219_p00         |    select|   0|  0|    8|           1|           6|
    |mul_ln1192_6_fu_8291_p00         |    select|   0|  0|    8|           1|           5|
    |mul_ln1192_7_fu_8651_p00         |    select|   0|  0|    8|           1|           7|
    |mul_ln703_53_fu_6730_p00         |    select|   0|  0|    8|           1|           7|
    |mul_ln703_54_fu_6767_p00         |    select|   0|  0|    8|           1|           8|
    |mul_ln703_55_fu_6804_p00         |    select|   0|  0|    7|           1|           6|
    |mul_ln703_56_fu_6918_p00         |    select|   0|  0|    8|           1|           8|
    |mul_ln703_57_fu_6954_p00         |    select|   0|  0|    8|           1|           7|
    |mul_ln703_58_fu_6976_p00         |    select|   0|  0|    7|           1|           7|
    |mul_ln703_59_fu_7052_p00         |    select|   0|  0|    8|           1|           4|
    |mul_ln703_60_fu_7124_p00         |    select|   0|  0|    8|           1|           7|
    |mul_ln703_61_fu_7230_p00         |    select|   0|  0|    8|           1|           8|
    |mul_ln703_62_fu_7266_p00         |    select|   0|  0|    7|           1|           7|
    |mul_ln703_63_fu_7336_p00         |    select|   0|  0|    8|           1|           8|
    |mul_ln703_64_fu_7450_p00         |    select|   0|  0|    8|           1|           6|
    |mul_ln703_65_fu_7486_p00         |    select|   0|  0|    7|           1|           7|
    |mul_ln703_66_fu_7508_p00         |    select|   0|  0|    7|           1|           7|
    |mul_ln703_67_fu_7520_p00         |    select|   0|  0|    8|           1|           8|
    |mul_ln703_68_fu_7656_p00         |    select|   0|  0|    8|           1|           6|
    |mul_ln703_69_fu_7690_p00         |    select|   0|  0|    8|           1|           6|
    |mul_ln703_70_fu_7726_p00         |    select|   0|  0|    7|           1|           7|
    |mul_ln703_71_fu_7762_p00         |    select|   0|  0|    8|           1|           8|
    |mul_ln703_72_fu_7784_p00         |    select|   0|  0|    8|           1|           5|
    |mul_ln703_73_fu_7937_p00         |    select|   0|  0|    8|           1|           8|
    |mul_ln703_74_fu_8077_p00         |    select|   0|  0|    8|           1|           8|
    |mul_ln703_75_fu_8135_p00         |    select|   0|  0|    7|           1|           7|
    |mul_ln703_76_fu_8255_p00         |    select|   0|  0|    8|           1|           7|
    |mul_ln703_77_fu_8313_p00         |    select|   0|  0|    7|           1|           6|
    |mul_ln703_78_fu_8325_p00         |    select|   0|  0|    7|           1|           6|
    |mul_ln703_79_fu_8395_p00         |    select|   0|  0|    8|           1|           8|
    |mul_ln703_80_fu_8431_p00         |    select|   0|  0|    8|           1|           8|
    |mul_ln703_81_fu_8501_p00         |    select|   0|  0|    8|           1|           8|
    |mul_ln703_82_fu_8579_p00         |    select|   0|  0|    8|           1|           8|
    |mul_ln703_83_fu_8615_p00         |    select|   0|  0|    8|           1|           7|
    |mul_ln703_84_fu_8673_p00         |    select|   0|  0|    7|           1|           7|
    |mul_ln703_85_fu_8720_p00         |    select|   0|  0|    8|           1|           7|
    |mul_ln703_86_fu_8756_p00         |    select|   0|  0|    8|           1|           6|
    |mul_ln703_87_fu_8814_p00         |    select|   0|  0|    8|           1|           7|
    |mul_ln703_88_fu_8826_p00         |    select|   0|  0|    8|           1|           8|
    |mul_ln703_89_fu_8838_p00         |    select|   0|  0|    7|           1|           7|
    |ret_V_5_fu_9092_p3               |    select|   0|  0|   24|           1|          24|
    |select_ln1118_11_fu_7897_p3      |    select|   0|  0|   39|           1|          39|
    |select_ln1118_12_fu_7964_p3      |    select|   0|  0|   39|           1|          39|
    |select_ln1118_13_fu_7997_p3      |    select|   0|  0|   39|           1|          39|
    |select_ln1118_16_fu_8179_p3      |    select|   0|  0|   39|           1|          39|
    |select_ln1118_3_fu_7163_p3       |    select|   0|  0|   38|           1|          38|
    |select_ln1118_7_fu_7583_p3       |    select|   0|  0|   39|           1|          39|
    |select_ln1118_8_fu_7616_p3       |    select|   0|  0|   39|           1|          39|
    |select_ln1118_9_fu_7801_p3       |    select|   0|  0|   38|           1|          38|
    |select_ln1494_fu_9008_p3         |    select|   0|  0|   32|           1|          32|
    |select_ln571_1_fu_3048_p3        |    select|   0|  0|   32|           1|          32|
    |select_ln571_2_fu_3056_p3        |    select|   0|  0|   32|           1|          32|
    |select_ln571_3_fu_3064_p3        |    select|   0|  0|   32|           1|          32|
    |select_ln571_4_fu_3078_p3        |    select|   0|  0|   32|           1|          32|
    |select_ln571_fu_3036_p3          |    select|   0|  0|   32|           1|           1|
    |select_ln588_fu_2964_p3          |    select|   0|  0|    2|           1|           2|
    |select_ln703_fu_6993_p3          |    select|   0|  0|   40|           1|          40|
    |select_ln850_fu_9084_p3          |    select|   0|  0|   24|           1|          24|
    |select_ln893_1_fu_6141_p3        |    select|   0|  0|    9|           1|          10|
    |select_ln893_fu_3508_p3          |    select|   0|  0|    9|           1|          10|
    |select_ln896_1_fu_6044_p3        |    select|   0|  0|    2|           1|           1|
    |select_ln896_fu_3411_p3          |    select|   0|  0|    2|           1|           1|
    |select_ln908_2_fu_6070_p3        |    select|   0|  0|    2|           1|           1|
    |select_ln908_fu_3437_p3          |    select|   0|  0|    2|           1|           1|
    |sh_amt_fu_2906_p3                |    select|   0|  0|   12|           1|          12|
    |temp_output3_0_1_V_1_fu_8978_p3  |    select|   0|  0|   32|           1|          32|
    |temp_output3_0_1_V_2_fu_8985_p3  |    select|   0|  0|   32|           1|          32|
    |tmp_V_4_fu_3285_p3               |    select|   0|  0|   32|           1|          32|
    |tmp_V_5_fu_5918_p3               |    select|   0|  0|   32|           1|          32|
    |shl_ln604_fu_2972_p2             |       shl|   0|  0|  100|          32|          32|
    |shl_ln899_1_fu_5992_p2           |       shl|   0|  0|  100|           1|          32|
    |shl_ln899_fu_3359_p2             |       shl|   0|  0|  100|           1|          32|
    |shl_ln909_1_fu_6097_p2           |       shl|   0|  0|  179|          64|          64|
    |shl_ln909_fu_3464_p2             |       shl|   0|  0|  179|          64|          64|
    |ap_enable_pp0                    |       xor|   0|  0|    2|           1|           2|
    |ap_enable_pp1                    |       xor|   0|  0|    2|           1|           2|
    |ap_enable_pp2                    |       xor|   0|  0|    2|           1|           2|
    |ap_enable_pp3                    |       xor|   0|  0|    2|           1|           2|
    |ap_enable_pp4                    |       xor|   0|  0|    2|           1|           2|
    |ap_enable_pp5                    |       xor|   0|  0|    2|           1|           2|
    |ap_enable_reg_pp0_iter1          |       xor|   0|  0|    2|           2|           1|
    |ap_enable_reg_pp2_iter1          |       xor|   0|  0|    2|           2|           1|
    |ap_enable_reg_pp3_iter1          |       xor|   0|  0|    2|           2|           1|
    |ap_enable_reg_pp4_iter1          |       xor|   0|  0|    2|           2|           1|
    |xor_ln571_fu_2978_p2             |       xor|   0|  0|    2|           1|           2|
    |xor_ln581_fu_3024_p2             |       xor|   0|  0|    2|           1|           2|
    |xor_ln582_fu_2994_p2             |       xor|   0|  0|    2|           1|           2|
    |xor_ln899_1_fu_6024_p2           |       xor|   0|  0|    2|           1|           2|
    |xor_ln899_fu_3391_p2             |       xor|   0|  0|    2|           1|           2|
    +---------------------------------+----------+----+---+-----+------------+------------+
    |Total                            |          |   0|  0|10902|        7043|        8180|
    +---------------------------------+----------+----+---+-----+------------+------------+

    * Multiplexer: 
    +-------------------------------+-----+-----------+-----+-----------+
    |              Name             | LUT | Input Size| Bits| Total Bits|
    +-------------------------------+-----+-----------+-----+-----------+
    |ap_NS_fsm                      |  423|         81|    1|         81|
    |ap_enable_reg_pp0_iter1        |    9|          2|    1|          2|
    |ap_enable_reg_pp0_iter3        |    9|          2|    1|          2|
    |ap_enable_reg_pp1_iter1        |    9|          2|    1|          2|
    |ap_enable_reg_pp1_iter2        |   14|          3|    1|          3|
    |ap_enable_reg_pp2_iter1        |    9|          2|    1|          2|
    |ap_enable_reg_pp2_iter3        |    9|          2|    1|          2|
    |ap_enable_reg_pp3_iter1        |    9|          2|    1|          2|
    |ap_enable_reg_pp3_iter14       |    9|          2|    1|          2|
    |ap_enable_reg_pp4_iter1        |    9|          2|    1|          2|
    |ap_enable_reg_pp4_iter3        |    9|          2|    1|          2|
    |ap_enable_reg_pp5_iter11       |    9|          2|    1|          2|
    |ap_enable_reg_pp5_iter13       |    9|          2|    1|          2|
    |fp_input_img_V_address0        |   20|          4|    7|         28|
    |fp_input_img_V_d0              |   14|          3|   32|         96|
    |grp_fu_2794_p0                 |   14|          3|   64|        192|
    |i_1_reg_2689                   |    9|          2|    7|         14|
    |i_2_reg_2711                   |    9|          2|    7|         14|
    |i_3_reg_2757                   |    9|          2|    2|          4|
    |i_reg_2642                     |    9|          2|    7|         14|
    |j_1_reg_2700                   |    9|          2|    7|         14|
    |j_2_reg_2722                   |    9|          2|    2|          4|
    |j_reg_2653                     |    9|          2|    7|         14|
    |k_reg_2665                     |    9|          2|    7|         14|
    |max_idx_V_reg_2768             |    9|          2|   32|         64|
    |max_val_V_reg_2780             |    9|          2|   32|         64|
    |sum_V_2_reg_2676               |    9|          2|   32|         64|
    |temp_output2_0_V_address0      |  162|         36|    6|        216|
    |temp_output2_0_V_address1      |  155|         34|    6|        204|
    |temp_output2_0_V_d0            |   20|          4|   32|        128|
    |temp_output3_V_0_0_0_reg_2745  |    9|          2|   32|         64|
    |temp_output_0_V_address0       |  162|         36|    6|        216|
    |temp_output_0_V_address1       |  155|         34|    6|        204|
    |temp_output_0_V_d0             |   20|          4|   32|        128|
    +-------------------------------+-----+-----------+-----+-----------+
    |Total                          | 1366|        288|  378|       1866|
    +-------------------------------+-----+-----------+-----+-----------+

    * Register: 
    +-----------------------------------------+-----+----+-----+-----------+
    |                   Name                  |  FF | LUT| Bits| Const Bits|
    +-----------------------------------------+-----+----+-----+-----------+
    |F2_reg_9151                              |   12|   0|   12|          0|
    |add_ln1118_1_reg_11806                   |   37|   0|   39|          2|
    |add_ln1118_reg_11676                     |   35|   0|   38|          3|
    |add_ln21_reg_9169                        |    7|   0|    7|          0|
    |add_ln908_1_reg_10930                    |   32|   0|   32|          0|
    |add_ln908_reg_9276                       |   32|   0|   32|          0|
    |ap_CS_fsm                                |   80|   0|   80|          0|
    |ap_enable_reg_pp0_iter0                  |    1|   0|    1|          0|
    |ap_enable_reg_pp0_iter1                  |    1|   0|    1|          0|
    |ap_enable_reg_pp0_iter2                  |    1|   0|    1|          0|
    |ap_enable_reg_pp0_iter3                  |    1|   0|    1|          0|
    |ap_enable_reg_pp1_iter0                  |    1|   0|    1|          0|
    |ap_enable_reg_pp1_iter1                  |    1|   0|    1|          0|
    |ap_enable_reg_pp1_iter2                  |    1|   0|    1|          0|
    |ap_enable_reg_pp2_iter0                  |    1|   0|    1|          0|
    |ap_enable_reg_pp2_iter1                  |    1|   0|    1|          0|
    |ap_enable_reg_pp2_iter2                  |    1|   0|    1|          0|
    |ap_enable_reg_pp2_iter3                  |    1|   0|    1|          0|
    |ap_enable_reg_pp3_iter0                  |    1|   0|    1|          0|
    |ap_enable_reg_pp3_iter1                  |    1|   0|    1|          0|
    |ap_enable_reg_pp3_iter10                 |    1|   0|    1|          0|
    |ap_enable_reg_pp3_iter11                 |    1|   0|    1|          0|
    |ap_enable_reg_pp3_iter12                 |    1|   0|    1|          0|
    |ap_enable_reg_pp3_iter13                 |    1|   0|    1|          0|
    |ap_enable_reg_pp3_iter14                 |    1|   0|    1|          0|
    |ap_enable_reg_pp3_iter2                  |    1|   0|    1|          0|
    |ap_enable_reg_pp3_iter3                  |    1|   0|    1|          0|
    |ap_enable_reg_pp3_iter4                  |    1|   0|    1|          0|
    |ap_enable_reg_pp3_iter5                  |    1|   0|    1|          0|
    |ap_enable_reg_pp3_iter6                  |    1|   0|    1|          0|
    |ap_enable_reg_pp3_iter7                  |    1|   0|    1|          0|
    |ap_enable_reg_pp3_iter8                  |    1|   0|    1|          0|
    |ap_enable_reg_pp3_iter9                  |    1|   0|    1|          0|
    |ap_enable_reg_pp4_iter0                  |    1|   0|    1|          0|
    |ap_enable_reg_pp4_iter1                  |    1|   0|    1|          0|
    |ap_enable_reg_pp4_iter2                  |    1|   0|    1|          0|
    |ap_enable_reg_pp4_iter3                  |    1|   0|    1|          0|
    |ap_enable_reg_pp5_iter0                  |    1|   0|    1|          0|
    |ap_enable_reg_pp5_iter1                  |    1|   0|    1|          0|
    |ap_enable_reg_pp5_iter10                 |    1|   0|    1|          0|
    |ap_enable_reg_pp5_iter11                 |    1|   0|    1|          0|
    |ap_enable_reg_pp5_iter12                 |    1|   0|    1|          0|
    |ap_enable_reg_pp5_iter13                 |    1|   0|    1|          0|
    |ap_enable_reg_pp5_iter2                  |    1|   0|    1|          0|
    |ap_enable_reg_pp5_iter3                  |    1|   0|    1|          0|
    |ap_enable_reg_pp5_iter4                  |    1|   0|    1|          0|
    |ap_enable_reg_pp5_iter5                  |    1|   0|    1|          0|
    |ap_enable_reg_pp5_iter6                  |    1|   0|    1|          0|
    |ap_enable_reg_pp5_iter7                  |    1|   0|    1|          0|
    |ap_enable_reg_pp5_iter8                  |    1|   0|    1|          0|
    |ap_enable_reg_pp5_iter9                  |    1|   0|    1|          0|
    |i_1_reg_2689                             |    7|   0|    7|          0|
    |i_2_reg_2711                             |    7|   0|    7|          0|
    |i_3_reg_2757                             |    2|   0|    2|          0|
    |i_cast_reg_9113                          |    7|   0|   64|         57|
    |i_reg_2642                               |    7|   0|    7|          0|
    |icmp_ln1506_1_reg_9306                   |    1|   0|    1|          0|
    |icmp_ln1506_2_reg_10955                  |    1|   0|    1|          0|
    |icmp_ln1506_3_reg_10960                  |    1|   0|    1|          0|
    |icmp_ln1506_reg_9301                     |    1|   0|    1|          0|
    |icmp_ln25_reg_9188                       |    1|   0|    1|          0|
    |icmp_ln25_reg_9188_pp1_iter1_reg         |    1|   0|    1|          0|
    |icmp_ln40_reg_10264                      |    1|   0|    1|          0|
    |icmp_ln571_reg_9143                      |    1|   0|    1|          0|
    |icmp_ln59_reg_11976                      |    1|   0|    1|          0|
    |icmp_ln5_reg_9109                        |    1|   0|    1|          0|
    |icmp_ln885_1_reg_10911                   |    1|   0|    1|          0|
    |icmp_ln885_1_reg_10911_pp4_iter2_reg     |    1|   0|    1|          0|
    |icmp_ln885_reg_9257                      |    1|   0|    1|          0|
    |icmp_ln885_reg_9257_pp2_iter2_reg        |    1|   0|    1|          0|
    |icmp_ln908_1_reg_10925                   |    1|   0|    1|          0|
    |icmp_ln908_reg_9271                      |    1|   0|    1|          0|
    |input_img_load_reg_9123                  |   32|   0|   32|          0|
    |input_img_load_reg_9123_pp0_iter2_reg    |   32|   0|   32|          0|
    |j_1_cast_reg_10268                       |    7|   0|   64|         57|
    |j_1_reg_2700                             |    7|   0|    7|          0|
    |j_2_reg_2722                             |    2|   0|    2|          0|
    |j_reg_2653                               |    7|   0|    7|          0|
    |k_reg_2665                               |    7|   0|    7|          0|
    |max_idx_V_reg_2768                       |   32|   0|   32|          0|
    |max_val_V_reg_2780                       |   32|   0|   32|          0|
    |mul_ln1116_1_reg_11821                   |   39|   0|   39|          0|
    |mul_ln1116_reg_11786                     |   38|   0|   38|          0|
    |mul_ln1118_11_reg_12055                  |   39|   0|   39|          0|
    |mul_ln1118_13_reg_12085                  |   39|   0|   39|          0|
    |mul_ln1118_14_reg_12090                  |   39|   0|   39|          0|
    |mul_ln1118_18_reg_12165                  |   39|   0|   39|          0|
    |mul_ln1118_19_reg_12200                  |   39|   0|   39|          0|
    |mul_ln1118_1_reg_10371                   |   39|   0|   39|          0|
    |mul_ln1118_20_reg_12210                  |   39|   0|   39|          0|
    |mul_ln1118_21_reg_12235                  |   38|   0|   38|          0|
    |mul_ln1118_2_reg_10496                   |   39|   0|   39|          0|
    |mul_ln1118_4_reg_10721                   |   39|   0|   39|          0|
    |mul_ln1118_5_reg_10736                   |   39|   0|   39|          0|
    |mul_ln1118_6_reg_10871                   |   39|   0|   39|          0|
    |mul_ln1118_8_reg_11751                   |   39|   0|   39|          0|
    |mul_ln1192_4_reg_12100                   |   40|   0|   40|          0|
    |mul_ln1192_6_reg_12180                   |   40|   0|   40|          0|
    |mul_ln1192_7_reg_12220                   |   40|   0|   40|          0|
    |mul_ln703_11_reg_10451                   |   40|   0|   40|          0|
    |mul_ln703_12_reg_10461                   |   40|   0|   40|          0|
    |mul_ln703_13_reg_10466                   |   40|   0|   40|          0|
    |mul_ln703_16_reg_10506                   |   40|   0|   40|          0|
    |mul_ln703_17_reg_10511                   |   40|   0|   40|          0|
    |mul_ln703_19_reg_10541                   |   40|   0|   40|          0|
    |mul_ln703_20_reg_10551                   |   40|   0|   40|          0|
    |mul_ln703_21_reg_10556                   |   40|   0|   40|          0|
    |mul_ln703_24_reg_10586                   |   40|   0|   40|          0|
    |mul_ln703_25_reg_10596                   |   40|   0|   40|          0|
    |mul_ln703_26_reg_10601                   |   40|   0|   40|          0|
    |mul_ln703_28_reg_10631                   |   40|   0|   40|          0|
    |mul_ln703_29_reg_10641                   |   40|   0|   40|          0|
    |mul_ln703_2_reg_10361                    |   40|   0|   40|          0|
    |mul_ln703_30_reg_10646                   |   40|   0|   40|          0|
    |mul_ln703_32_reg_10676                   |   40|   0|   40|          0|
    |mul_ln703_33_reg_10686                   |   40|   0|   40|          0|
    |mul_ln703_34_reg_10691                   |   40|   0|   40|          0|
    |mul_ln703_37_reg_10731                   |   40|   0|   40|          0|
    |mul_ln703_39_reg_10766                   |   40|   0|   40|          0|
    |mul_ln703_3_reg_10376                    |   40|   0|   40|          0|
    |mul_ln703_40_reg_10776                   |   40|   0|   40|          0|
    |mul_ln703_41_reg_10781                   |   40|   0|   40|          0|
    |mul_ln703_44_reg_10811                   |   40|   0|   40|          0|
    |mul_ln703_45_reg_10821                   |   40|   0|   40|          0|
    |mul_ln703_46_reg_10826                   |   40|   0|   40|          0|
    |mul_ln703_49_reg_10856                   |   40|   0|   40|          0|
    |mul_ln703_50_reg_10866                   |   40|   0|   40|          0|
    |mul_ln703_55_reg_12045                   |   40|   0|   40|          0|
    |mul_ln703_57_reg_12060                   |   40|   0|   40|          0|
    |mul_ln703_58_reg_12070                   |   40|   0|   40|          0|
    |mul_ln703_60_reg_12075                   |   40|   0|   40|          0|
    |mul_ln703_63_reg_12105                   |   40|   0|   40|          0|
    |mul_ln703_65_reg_12110                   |   40|   0|   40|          0|
    |mul_ln703_66_reg_12120                   |   40|   0|   40|          0|
    |mul_ln703_67_reg_12125                   |   40|   0|   40|          0|
    |mul_ln703_68_reg_12130                   |   40|   0|   40|          0|
    |mul_ln703_6_reg_10406                    |   40|   0|   40|          0|
    |mul_ln703_71_reg_12140                   |   40|   0|   40|          0|
    |mul_ln703_72_reg_12150                   |   40|   0|   40|          0|
    |mul_ln703_73_reg_12155                   |   40|   0|   40|          0|
    |mul_ln703_75_reg_12175                   |   40|   0|   40|          0|
    |mul_ln703_77_reg_12190                   |   40|   0|   40|          0|
    |mul_ln703_78_reg_12195                   |   40|   0|   40|          0|
    |mul_ln703_7_reg_10416                    |   40|   0|   40|          0|
    |mul_ln703_81_reg_12215                   |   40|   0|   40|          0|
    |mul_ln703_84_reg_12230                   |   40|   0|   40|          0|
    |mul_ln703_87_reg_12245                   |   40|   0|   40|          0|
    |mul_ln703_88_reg_12250                   |   40|   0|   40|          0|
    |mul_ln703_89_reg_12255                   |   40|   0|   40|          0|
    |mul_ln703_8_reg_10421                    |   40|   0|   40|          0|
    |or_ln25_reg_9207                         |    6|   0|    7|          1|
    |p_Result_10_reg_9261                     |    1|   0|    1|          0|
    |p_Result_14_reg_10915                    |    1|   0|    1|          0|
    |p_Result_8_reg_9133                      |    1|   0|    1|          0|
    |r_V_2_reg_9232                           |   32|   0|   32|          0|
    |r_V_reg_9217                             |   32|   0|   32|          0|
    |select_ln908_2_reg_10940                 |    1|   0|    1|          0|
    |select_ln908_reg_9286                    |    1|   0|    1|          0|
    |sext_ln1116_100_reg_11901                |   39|   0|   39|          0|
    |sext_ln1116_101_reg_11906                |   39|   0|   39|          0|
    |sext_ln1116_102_reg_11911                |   40|   0|   40|          0|
    |sext_ln1116_103_reg_11916                |   40|   0|   40|          0|
    |sext_ln1116_104_reg_11921                |   40|   0|   40|          0|
    |sext_ln1116_105_reg_11931                |   40|   0|   40|          0|
    |sext_ln1116_106_reg_11936                |   40|   0|   40|          0|
    |sext_ln1116_107_reg_11941                |   40|   0|   40|          0|
    |sext_ln1116_108_reg_11946                |   38|   0|   38|          0|
    |sext_ln1116_109_reg_11951                |   40|   0|   40|          0|
    |sext_ln1116_10_reg_9989                  |   40|   0|   40|          0|
    |sext_ln1116_110_reg_11956                |   40|   0|   40|          0|
    |sext_ln1116_111_reg_11961                |   40|   0|   40|          0|
    |sext_ln1116_11_reg_9994                  |   40|   0|   40|          0|
    |sext_ln1116_12_reg_9999                  |   40|   0|   40|          0|
    |sext_ln1116_13_reg_10004                 |   40|   0|   40|          0|
    |sext_ln1116_14_reg_10009                 |   40|   0|   40|          0|
    |sext_ln1116_15_reg_10014                 |   40|   0|   40|          0|
    |sext_ln1116_16_reg_10019                 |   40|   0|   40|          0|
    |sext_ln1116_17_reg_10024                 |   40|   0|   40|          0|
    |sext_ln1116_18_reg_10029                 |   39|   0|   39|          0|
    |sext_ln1116_19_reg_10034                 |   40|   0|   40|          0|
    |sext_ln1116_1_reg_9944                   |   40|   0|   40|          0|
    |sext_ln1116_20_reg_10039                 |   40|   0|   40|          0|
    |sext_ln1116_21_reg_10044                 |   40|   0|   40|          0|
    |sext_ln1116_22_reg_10054                 |   40|   0|   40|          0|
    |sext_ln1116_23_reg_10059                 |   40|   0|   40|          0|
    |sext_ln1116_24_reg_10064                 |   40|   0|   40|          0|
    |sext_ln1116_25_reg_10069                 |   40|   0|   40|          0|
    |sext_ln1116_26_reg_10074                 |   40|   0|   40|          0|
    |sext_ln1116_27_reg_10079                 |   40|   0|   40|          0|
    |sext_ln1116_28_reg_10084                 |   40|   0|   40|          0|
    |sext_ln1116_29_reg_10089                 |   40|   0|   40|          0|
    |sext_ln1116_2_reg_9949                   |   40|   0|   40|          0|
    |sext_ln1116_30_reg_10094                 |   39|   0|   39|          0|
    |sext_ln1116_31_reg_10099                 |   40|   0|   40|          0|
    |sext_ln1116_32_reg_10104                 |   40|   0|   40|          0|
    |sext_ln1116_33_reg_10109                 |   40|   0|   40|          0|
    |sext_ln1116_34_reg_10114                 |   40|   0|   40|          0|
    |sext_ln1116_35_reg_10119                 |   40|   0|   40|          0|
    |sext_ln1116_36_reg_10129                 |   40|   0|   40|          0|
    |sext_ln1116_37_reg_10134                 |   40|   0|   40|          0|
    |sext_ln1116_38_reg_10139                 |   40|   0|   40|          0|
    |sext_ln1116_39_reg_10144                 |   40|   0|   40|          0|
    |sext_ln1116_3_reg_9954                   |   40|   0|   40|          0|
    |sext_ln1116_40_reg_10149                 |   40|   0|   40|          0|
    |sext_ln1116_41_reg_10154                 |   39|   0|   39|          0|
    |sext_ln1116_42_reg_10159                 |   40|   0|   40|          0|
    |sext_ln1116_43_reg_10164                 |   39|   0|   39|          0|
    |sext_ln1116_44_reg_10169                 |   40|   0|   40|          0|
    |sext_ln1116_45_reg_10179                 |   40|   0|   40|          0|
    |sext_ln1116_46_reg_10184                 |   40|   0|   40|          0|
    |sext_ln1116_47_reg_10189                 |   40|   0|   40|          0|
    |sext_ln1116_48_reg_10194                 |   40|   0|   40|          0|
    |sext_ln1116_49_reg_10199                 |   40|   0|   40|          0|
    |sext_ln1116_4_reg_9959                   |   39|   0|   39|          0|
    |sext_ln1116_50_reg_10204                 |   40|   0|   40|          0|
    |sext_ln1116_51_reg_10209                 |   40|   0|   40|          0|
    |sext_ln1116_52_reg_10214                 |   40|   0|   40|          0|
    |sext_ln1116_53_reg_10219                 |   40|   0|   40|          0|
    |sext_ln1116_54_reg_10224                 |   40|   0|   40|          0|
    |sext_ln1116_55_reg_10229                 |   40|   0|   40|          0|
    |sext_ln1116_56_reg_10234                 |   40|   0|   40|          0|
    |sext_ln1116_57_reg_10239                 |   39|   0|   39|          0|
    |sext_ln1116_58_reg_10244                 |   39|   0|   39|          0|
    |sext_ln1116_59_reg_10249                 |   40|   0|   40|          0|
    |sext_ln1116_5_reg_9964                   |   40|   0|   40|          0|
    |sext_ln1116_60_reg_11606                 |   40|   0|   40|          0|
    |sext_ln1116_61_reg_11611                 |   40|   0|   40|          0|
    |sext_ln1116_62_reg_11616                 |   40|   0|   40|          0|
    |sext_ln1116_63_reg_11621                 |   40|   0|   40|          0|
    |sext_ln1116_64_reg_11626                 |   39|   0|   39|          0|
    |sext_ln1116_65_reg_11631                 |   39|   0|   39|          0|
    |sext_ln1116_66_reg_11636                 |   40|   0|   40|          0|
    |sext_ln1116_67_reg_11641                 |   40|   0|   40|          0|
    |sext_ln1116_68_reg_11656                 |   40|   0|   40|          0|
    |sext_ln1116_69_reg_11661                 |   40|   0|   40|          0|
    |sext_ln1116_6_reg_9969                   |   40|   0|   40|          0|
    |sext_ln1116_70_reg_11671                 |   40|   0|   40|          0|
    |sext_ln1116_71_reg_11686                 |   39|   0|   39|          0|
    |sext_ln1116_72_reg_11691                 |   40|   0|   40|          0|
    |sext_ln1116_73_reg_11696                 |   40|   0|   40|          0|
    |sext_ln1116_74_reg_11701                 |   39|   0|   39|          0|
    |sext_ln1116_75_reg_11711                 |   40|   0|   40|          0|
    |sext_ln1116_76_reg_11716                 |   39|   0|   39|          0|
    |sext_ln1116_77_reg_11721                 |   40|   0|   40|          0|
    |sext_ln1116_78_reg_11726                 |   40|   0|   40|          0|
    |sext_ln1116_79_reg_11731                 |   40|   0|   40|          0|
    |sext_ln1116_7_reg_9974                   |   40|   0|   40|          0|
    |sext_ln1116_80_reg_11736                 |   40|   0|   40|          0|
    |sext_ln1116_81_reg_11746                 |   37|   0|   39|          2|
    |sext_ln1116_82_reg_11756                 |   35|   0|   39|          4|
    |sext_ln1116_83_reg_11761                 |   40|   0|   40|          0|
    |sext_ln1116_84_reg_11766                 |   40|   0|   40|          0|
    |sext_ln1116_85_reg_11771                 |   40|   0|   40|          0|
    |sext_ln1116_86_reg_11776                 |   40|   0|   40|          0|
    |sext_ln1116_87_reg_11791                 |   40|   0|   40|          0|
    |sext_ln1116_88_reg_11796                 |   39|   0|   39|          0|
    |sext_ln1116_89_reg_11811                 |   40|   0|   40|          0|
    |sext_ln1116_8_reg_9979                   |   40|   0|   40|          0|
    |sext_ln1116_91_reg_11836                 |   38|   0|   38|          0|
    |sext_ln1116_92_reg_11841                 |   40|   0|   40|          0|
    |sext_ln1116_93_reg_11846                 |   39|   0|   39|          0|
    |sext_ln1116_94_reg_11851                 |   40|   0|   40|          0|
    |sext_ln1116_95_reg_11871                 |   40|   0|   40|          0|
    |sext_ln1116_96_reg_11881                 |   40|   0|   40|          0|
    |sext_ln1116_97_reg_11886                 |   40|   0|   40|          0|
    |sext_ln1116_98_reg_11891                 |   40|   0|   40|          0|
    |sext_ln1116_99_reg_11896                 |   40|   0|   40|          0|
    |sext_ln1116_9_reg_9984                   |   40|   0|   40|          0|
    |sext_ln1116_reg_9939                     |   40|   0|   40|          0|
    |sext_ln1118_63_reg_11646                 |   35|   0|   40|          5|
    |sext_ln1118_74_reg_11781                 |   38|   0|   38|          0|
    |sext_ln1118_77_reg_11801                 |   39|   0|   39|          0|
    |sext_ln1118_81_reg_11816                 |   38|   0|   39|          1|
    |sext_ln1118_82_reg_11826                 |   33|   0|   39|          6|
    |sext_ln1118_85_reg_11856                 |   39|   0|   39|          0|
    |sext_ln1192_10_reg_11876                 |   40|   0|   40|          0|
    |sext_ln1192_11_reg_11926                 |   40|   0|   40|          0|
    |sext_ln1192_1_reg_10124                  |   40|   0|   40|          0|
    |sext_ln1192_2_reg_10174                  |   40|   0|   40|          0|
    |sext_ln1192_7_reg_11666                  |   40|   0|   40|          0|
    |sext_ln1192_8_reg_11706                  |   40|   0|   40|          0|
    |sext_ln1192_9_reg_11866                  |   40|   0|   40|          0|
    |sext_ln1192_reg_10049                    |   39|   0|   39|          0|
    |sub_ln1118_2_reg_11681                   |   37|   0|   38|          1|
    |sub_ln1118_3_reg_11741                   |   39|   0|   39|          0|
    |sub_ln1118_8_reg_11831                   |   37|   0|   39|          2|
    |sub_ln1118_9_reg_11861                   |   33|   0|   39|          6|
    |sub_ln1118_reg_11651                     |   35|   0|   40|          5|
    |sub_ln909_1_reg_10935                    |   32|   0|   32|          0|
    |sub_ln909_reg_9281                       |   32|   0|   32|          0|
    |sum_V_2_reg_2676                         |   32|   0|   32|          0|
    |temp_output2_0_V_addr_2_reg_10905        |    6|   0|    6|          0|
    |temp_output2_0_V_load_10_reg_11074       |   32|   0|   32|          0|
    |temp_output2_0_V_load_11_reg_11079       |   32|   0|   32|          0|
    |temp_output2_0_V_load_12_reg_11094       |   32|   0|   32|          0|
    |temp_output2_0_V_load_13_reg_11099       |   32|   0|   32|          0|
    |temp_output2_0_V_load_14_reg_11116       |   32|   0|   32|          0|
    |temp_output2_0_V_load_15_reg_11121       |   32|   0|   32|          0|
    |temp_output2_0_V_load_16_reg_11136       |   32|   0|   32|          0|
    |temp_output2_0_V_load_17_reg_11141       |   32|   0|   32|          0|
    |temp_output2_0_V_load_18_reg_11156       |   32|   0|   32|          0|
    |temp_output2_0_V_load_19_reg_11161       |   32|   0|   32|          0|
    |temp_output2_0_V_load_1_reg_10978        |   32|   0|   32|          0|
    |temp_output2_0_V_load_20_reg_11176       |   32|   0|   32|          0|
    |temp_output2_0_V_load_21_reg_11181       |   32|   0|   32|          0|
    |temp_output2_0_V_load_22_reg_11196       |   32|   0|   32|          0|
    |temp_output2_0_V_load_23_reg_11201       |   32|   0|   32|          0|
    |temp_output2_0_V_load_24_reg_11216       |   32|   0|   32|          0|
    |temp_output2_0_V_load_25_reg_11221       |   32|   0|   32|          0|
    |temp_output2_0_V_load_26_reg_11239       |   32|   0|   32|          0|
    |temp_output2_0_V_load_27_reg_11245       |   32|   0|   32|          0|
    |temp_output2_0_V_load_28_reg_11260       |   32|   0|   32|          0|
    |temp_output2_0_V_load_29_reg_11265       |   32|   0|   32|          0|
    |temp_output2_0_V_load_2_reg_10993        |   32|   0|   32|          0|
    |temp_output2_0_V_load_30_reg_11280       |   32|   0|   32|          0|
    |temp_output2_0_V_load_31_reg_11285       |   32|   0|   32|          0|
    |temp_output2_0_V_load_32_reg_11300       |   32|   0|   32|          0|
    |temp_output2_0_V_load_33_reg_11305       |   32|   0|   32|          0|
    |temp_output2_0_V_load_34_reg_11320       |   32|   0|   32|          0|
    |temp_output2_0_V_load_35_reg_11328       |   32|   0|   32|          0|
    |temp_output2_0_V_load_36_reg_11343       |   32|   0|   32|          0|
    |temp_output2_0_V_load_37_reg_11349       |   32|   0|   32|          0|
    |temp_output2_0_V_load_38_reg_11365       |   32|   0|   32|          0|
    |temp_output2_0_V_load_39_reg_11370       |   32|   0|   32|          0|
    |temp_output2_0_V_load_3_reg_10998        |   32|   0|   32|          0|
    |temp_output2_0_V_load_40_reg_11385       |   32|   0|   32|          0|
    |temp_output2_0_V_load_41_reg_11390       |   32|   0|   32|          0|
    |temp_output2_0_V_load_42_reg_11405       |   32|   0|   32|          0|
    |temp_output2_0_V_load_43_reg_11411       |   32|   0|   32|          0|
    |temp_output2_0_V_load_44_reg_11426       |   32|   0|   32|          0|
    |temp_output2_0_V_load_45_reg_11431       |   32|   0|   32|          0|
    |temp_output2_0_V_load_46_reg_11446       |   32|   0|   32|          0|
    |temp_output2_0_V_load_47_reg_11451       |   32|   0|   32|          0|
    |temp_output2_0_V_load_48_reg_11466       |   32|   0|   32|          0|
    |temp_output2_0_V_load_49_reg_11471       |   32|   0|   32|          0|
    |temp_output2_0_V_load_4_reg_11013        |   32|   0|   32|          0|
    |temp_output2_0_V_load_50_reg_11486       |   32|   0|   32|          0|
    |temp_output2_0_V_load_51_reg_11491       |   32|   0|   32|          0|
    |temp_output2_0_V_load_52_reg_11506       |   32|   0|   32|          0|
    |temp_output2_0_V_load_53_reg_11511       |   32|   0|   32|          0|
    |temp_output2_0_V_load_54_reg_11526       |   32|   0|   32|          0|
    |temp_output2_0_V_load_55_reg_11531       |   32|   0|   32|          0|
    |temp_output2_0_V_load_56_reg_11546       |   32|   0|   32|          0|
    |temp_output2_0_V_load_57_reg_11551       |   32|   0|   32|          0|
    |temp_output2_0_V_load_58_reg_11566       |   32|   0|   32|          0|
    |temp_output2_0_V_load_59_reg_11571       |   32|   0|   32|          0|
    |temp_output2_0_V_load_5_reg_11018        |   32|   0|   32|          0|
    |temp_output2_0_V_load_60_reg_11586       |   32|   0|   32|          0|
    |temp_output2_0_V_load_61_reg_11591       |   32|   0|   32|          0|
    |temp_output2_0_V_load_63_cast_reg_11966  |   38|   0|   38|          0|
    |temp_output2_0_V_load_6_reg_11033        |   32|   0|   32|          0|
    |temp_output2_0_V_load_7_reg_11038        |   32|   0|   32|          0|
    |temp_output2_0_V_load_8_reg_11053        |   32|   0|   32|          0|
    |temp_output2_0_V_load_9_reg_11059        |   32|   0|   32|          0|
    |temp_output2_0_V_load_reg_10973          |   32|   0|   32|          0|
    |temp_output3_V_0_0_0_reg_2745            |   32|   0|   32|          0|
    |temp_output3_V_0_1_0744_reg_2733         |   32|   0|   32|          0|
    |temp_output_0_V_addr_1_reg_9251          |    6|   0|    6|          0|
    |temp_output_0_V_load_10_reg_9419         |   32|   0|   32|          0|
    |temp_output_0_V_load_11_reg_9424         |   32|   0|   32|          0|
    |temp_output_0_V_load_12_reg_9439         |   32|   0|   32|          0|
    |temp_output_0_V_load_13_reg_9444         |   32|   0|   32|          0|
    |temp_output_0_V_load_14_reg_9459         |   32|   0|   32|          0|
    |temp_output_0_V_load_15_reg_9464         |   32|   0|   32|          0|
    |temp_output_0_V_load_16_reg_9479         |   32|   0|   32|          0|
    |temp_output_0_V_load_17_reg_9484         |   32|   0|   32|          0|
    |temp_output_0_V_load_18_reg_9499         |   32|   0|   32|          0|
    |temp_output_0_V_load_19_reg_9504         |   32|   0|   32|          0|
    |temp_output_0_V_load_1_reg_9324          |   32|   0|   32|          0|
    |temp_output_0_V_load_20_reg_9519         |   32|   0|   32|          0|
    |temp_output_0_V_load_21_reg_9524         |   32|   0|   32|          0|
    |temp_output_0_V_load_22_reg_9539         |   32|   0|   32|          0|
    |temp_output_0_V_load_23_reg_9544         |   32|   0|   32|          0|
    |temp_output_0_V_load_24_reg_9559         |   32|   0|   32|          0|
    |temp_output_0_V_load_25_reg_9564         |   32|   0|   32|          0|
    |temp_output_0_V_load_26_reg_9579         |   32|   0|   32|          0|
    |temp_output_0_V_load_27_reg_9584         |   32|   0|   32|          0|
    |temp_output_0_V_load_28_reg_9599         |   32|   0|   32|          0|
    |temp_output_0_V_load_29_reg_9604         |   32|   0|   32|          0|
    |temp_output_0_V_load_2_reg_9339          |   32|   0|   32|          0|
    |temp_output_0_V_load_30_reg_9619         |   32|   0|   32|          0|
    |temp_output_0_V_load_31_reg_9624         |   32|   0|   32|          0|
    |temp_output_0_V_load_32_reg_9639         |   32|   0|   32|          0|
    |temp_output_0_V_load_33_reg_9644         |   32|   0|   32|          0|
    |temp_output_0_V_load_34_reg_9659         |   32|   0|   32|          0|
    |temp_output_0_V_load_35_reg_9664         |   32|   0|   32|          0|
    |temp_output_0_V_load_36_reg_9679         |   32|   0|   32|          0|
    |temp_output_0_V_load_37_reg_9684         |   32|   0|   32|          0|
    |temp_output_0_V_load_38_reg_9699         |   32|   0|   32|          0|
    |temp_output_0_V_load_39_reg_9704         |   32|   0|   32|          0|
    |temp_output_0_V_load_3_reg_9344          |   32|   0|   32|          0|
    |temp_output_0_V_load_40_reg_9719         |   32|   0|   32|          0|
    |temp_output_0_V_load_41_reg_9724         |   32|   0|   32|          0|
    |temp_output_0_V_load_42_reg_9739         |   32|   0|   32|          0|
    |temp_output_0_V_load_43_reg_9744         |   32|   0|   32|          0|
    |temp_output_0_V_load_44_reg_9759         |   32|   0|   32|          0|
    |temp_output_0_V_load_45_reg_9764         |   32|   0|   32|          0|
    |temp_output_0_V_load_46_reg_9779         |   32|   0|   32|          0|
    |temp_output_0_V_load_47_reg_9784         |   32|   0|   32|          0|
    |temp_output_0_V_load_48_reg_9799         |   32|   0|   32|          0|
    |temp_output_0_V_load_49_reg_9804         |   32|   0|   32|          0|
    |temp_output_0_V_load_4_reg_9359          |   32|   0|   32|          0|
    |temp_output_0_V_load_50_reg_9819         |   32|   0|   32|          0|
    |temp_output_0_V_load_51_reg_9824         |   32|   0|   32|          0|
    |temp_output_0_V_load_52_reg_9839         |   32|   0|   32|          0|
    |temp_output_0_V_load_53_reg_9844         |   32|   0|   32|          0|
    |temp_output_0_V_load_54_reg_9859         |   32|   0|   32|          0|
    |temp_output_0_V_load_55_reg_9864         |   32|   0|   32|          0|
    |temp_output_0_V_load_56_reg_9879         |   32|   0|   32|          0|
    |temp_output_0_V_load_57_reg_9884         |   32|   0|   32|          0|
    |temp_output_0_V_load_58_reg_9899         |   32|   0|   32|          0|
    |temp_output_0_V_load_59_reg_9904         |   32|   0|   32|          0|
    |temp_output_0_V_load_5_reg_9364          |   32|   0|   32|          0|
    |temp_output_0_V_load_60_reg_9919         |   32|   0|   32|          0|
    |temp_output_0_V_load_61_reg_9924         |   32|   0|   32|          0|
    |temp_output_0_V_load_63_cast_reg_10254   |   40|   0|   40|          0|
    |temp_output_0_V_load_6_reg_9379          |   32|   0|   32|          0|
    |temp_output_0_V_load_7_reg_9384          |   32|   0|   32|          0|
    |temp_output_0_V_load_8_reg_9399          |   32|   0|   32|          0|
    |temp_output_0_V_load_9_reg_9404          |   32|   0|   32|          0|
    |temp_output_0_V_load_reg_9319            |   32|   0|   32|          0|
    |tmp_100_reg_12145                        |   32|   0|   32|          0|
    |tmp_105_reg_12160                        |   32|   0|   32|          0|
    |tmp_10_reg_10366                         |   32|   0|   32|          0|
    |tmp_110_reg_12170                        |   32|   0|   32|          0|
    |tmp_115_reg_12185                        |   32|   0|   32|          0|
    |tmp_120_reg_12205                        |   32|   0|   32|          0|
    |tmp_125_reg_12225                        |   32|   0|   32|          0|
    |tmp_129_reg_12240                        |   32|   0|   32|          0|
    |tmp_15_reg_10411                         |   32|   0|   32|          0|
    |tmp_20_reg_10456                         |   32|   0|   32|          0|
    |tmp_25_reg_10501                         |   32|   0|   32|          0|
    |tmp_30_reg_10546                         |   32|   0|   32|          0|
    |tmp_35_reg_10591                         |   32|   0|   32|          0|
    |tmp_40_reg_10636                         |   32|   0|   32|          0|
    |tmp_45_reg_10681                         |   32|   0|   32|          0|
    |tmp_50_reg_10726                         |   32|   0|   32|          0|
    |tmp_55_reg_10771                         |   32|   0|   32|          0|
    |tmp_60_reg_10816                         |   32|   0|   32|          0|
    |tmp_65_reg_10861                         |   32|   0|   32|          0|
    |tmp_70_reg_10891                         |   32|   0|   32|          0|
    |tmp_73_reg_12050                         |   32|   0|   32|          0|
    |tmp_77_reg_12065                         |   32|   0|   32|          0|
    |tmp_82_reg_12080                         |   32|   0|   32|          0|
    |tmp_87_reg_12095                         |   32|   0|   32|          0|
    |tmp_92_reg_12115                         |   32|   0|   32|          0|
    |tmp_97_reg_12135                         |   32|   0|   32|          0|
    |tmp_V_4_reg_9266                         |   32|   0|   32|          0|
    |tmp_V_5_reg_10920                        |   32|   0|   32|          0|
    |trunc_ln1118_reg_11980                   |    1|   0|    1|          0|
    |trunc_ln565_reg_9138                     |   52|   0|   52|          0|
    |trunc_ln893_1_reg_10945                  |   11|   0|   11|          0|
    |trunc_ln893_reg_9291                     |   11|   0|   11|          0|
    |weights_layer1_weights_V_load_reg_9222   |    8|   0|    8|          0|
    |zext_ln21_1_reg_9183                     |    7|   0|   13|          6|
    |zext_ln21_reg_9178                       |    7|   0|   64|         57|
    |i_cast_reg_9113                          |   64|  32|   64|         57|
    |icmp_ln40_reg_10264                      |   64|  32|    1|          0|
    |icmp_ln59_reg_11976                      |   64|  32|    1|          0|
    |icmp_ln5_reg_9109                        |   64|  32|    1|          0|
    |j_1_cast_reg_10268                       |   64|  32|   64|         57|
    |temp_output2_0_V_addr_2_reg_10905        |   64|  32|    6|          0|
    |temp_output_0_V_addr_1_reg_9251          |   64|  32|    6|          0|
    |trunc_ln1118_reg_11980                   |   64|  32|    1|          0|
    +-----------------------------------------+-----+----+-----+-----------+
    |Total                                    |14158| 256|14005|        329|
    +-----------------------------------------+-----+----+-----+-----------+



================================================================
== Interface
================================================================
* Summary: 
+--------------------+-----+-----+------------+--------------+--------------+
|      RTL Ports     | Dir | Bits|  Protocol  | Source Object|    C Type    |
+--------------------+-----+-----+------------+--------------+--------------+
|ap_clk              |   in|    1|  ap_ctrl_hs|  nn_inference|  return value|
|ap_rst              |   in|    1|  ap_ctrl_hs|  nn_inference|  return value|
|ap_start            |   in|    1|  ap_ctrl_hs|  nn_inference|  return value|
|ap_done             |  out|    1|  ap_ctrl_hs|  nn_inference|  return value|
|ap_idle             |  out|    1|  ap_ctrl_hs|  nn_inference|  return value|
|ap_ready            |  out|    1|  ap_ctrl_hs|  nn_inference|  return value|
|ap_return           |  out|   32|  ap_ctrl_hs|  nn_inference|  return value|
|input_img_address0  |  out|    7|   ap_memory|     input_img|         array|
|input_img_ce0       |  out|    1|   ap_memory|     input_img|         array|
|input_img_q0        |   in|   32|   ap_memory|     input_img|         array|
+--------------------+-----+-----+------------+--------------+--------------+

